Archive member included to satisfy reference by file (symbol)

/nix/store/72mh9f9j9cnizh603jhabx160i7mispg-gcc-arm-embedded-12.3.rel1/bin/../lib/gcc/arm-none-eabi/12.3.1/../../../../arm-none-eabi/lib/thumb/v7e-m+fp/hard/libc_nano.a(libc_a-exit.o)
                              /nix/store/72mh9f9j9cnizh603jhabx160i7mispg-gcc-arm-embedded-12.3.rel1/bin/../lib/gcc/arm-none-eabi/12.3.1/../../../../arm-none-eabi/lib/thumb/v7e-m+fp/hard/crt0.o (exit)
/nix/store/72mh9f9j9cnizh603jhabx160i7mispg-gcc-arm-embedded-12.3.rel1/bin/../lib/gcc/arm-none-eabi/12.3.1/../../../../arm-none-eabi/lib/thumb/v7e-m+fp/hard/libc_nano.a(libc_a-init.o)
                              /nix/store/72mh9f9j9cnizh603jhabx160i7mispg-gcc-arm-embedded-12.3.rel1/bin/../lib/gcc/arm-none-eabi/12.3.1/../../../../arm-none-eabi/lib/thumb/v7e-m+fp/hard/crt0.o (__libc_init_array)
/nix/store/72mh9f9j9cnizh603jhabx160i7mispg-gcc-arm-embedded-12.3.rel1/bin/../lib/gcc/arm-none-eabi/12.3.1/../../../../arm-none-eabi/lib/thumb/v7e-m+fp/hard/libc_nano.a(libc_a-memcpy-stub.o)
                              build/queue.o (memcpy)
/nix/store/72mh9f9j9cnizh603jhabx160i7mispg-gcc-arm-embedded-12.3.rel1/bin/../lib/gcc/arm-none-eabi/12.3.1/../../../../arm-none-eabi/lib/thumb/v7e-m+fp/hard/libc_nano.a(libc_a-findfp.o)
                              /nix/store/72mh9f9j9cnizh603jhabx160i7mispg-gcc-arm-embedded-12.3.rel1/bin/../lib/gcc/arm-none-eabi/12.3.1/../../../../arm-none-eabi/lib/thumb/v7e-m+fp/hard/libc_nano.a(libc_a-exit.o) (__stdio_exit_handler)
/nix/store/72mh9f9j9cnizh603jhabx160i7mispg-gcc-arm-embedded-12.3.rel1/bin/../lib/gcc/arm-none-eabi/12.3.1/../../../../arm-none-eabi/lib/thumb/v7e-m+fp/hard/libc_nano.a(libc_a-stdio.o)
                              /nix/store/72mh9f9j9cnizh603jhabx160i7mispg-gcc-arm-embedded-12.3.rel1/bin/../lib/gcc/arm-none-eabi/12.3.1/../../../../arm-none-eabi/lib/thumb/v7e-m+fp/hard/libc_nano.a(libc_a-findfp.o) (__sread)
/nix/store/72mh9f9j9cnizh603jhabx160i7mispg-gcc-arm-embedded-12.3.rel1/bin/../lib/gcc/arm-none-eabi/12.3.1/../../../../arm-none-eabi/lib/thumb/v7e-m+fp/hard/libc_nano.a(libc_a-writer.o)
                              /nix/store/72mh9f9j9cnizh603jhabx160i7mispg-gcc-arm-embedded-12.3.rel1/bin/../lib/gcc/arm-none-eabi/12.3.1/../../../../arm-none-eabi/lib/thumb/v7e-m+fp/hard/libc_nano.a(libc_a-stdio.o) (_write_r)
/nix/store/72mh9f9j9cnizh603jhabx160i7mispg-gcc-arm-embedded-12.3.rel1/bin/../lib/gcc/arm-none-eabi/12.3.1/../../../../arm-none-eabi/lib/thumb/v7e-m+fp/hard/libc_nano.a(libc_a-errno.o)
                              build/sysmem.o (__errno)
/nix/store/72mh9f9j9cnizh603jhabx160i7mispg-gcc-arm-embedded-12.3.rel1/bin/../lib/gcc/arm-none-eabi/12.3.1/../../../../arm-none-eabi/lib/thumb/v7e-m+fp/hard/libc_nano.a(libc_a-fwalk.o)
                              /nix/store/72mh9f9j9cnizh603jhabx160i7mispg-gcc-arm-embedded-12.3.rel1/bin/../lib/gcc/arm-none-eabi/12.3.1/../../../../arm-none-eabi/lib/thumb/v7e-m+fp/hard/libc_nano.a(libc_a-findfp.o) (_fwalk_sglue)
/nix/store/72mh9f9j9cnizh603jhabx160i7mispg-gcc-arm-embedded-12.3.rel1/bin/../lib/gcc/arm-none-eabi/12.3.1/../../../../arm-none-eabi/lib/thumb/v7e-m+fp/hard/libc_nano.a(libc_a-memset.o)
                              /nix/store/72mh9f9j9cnizh603jhabx160i7mispg-gcc-arm-embedded-12.3.rel1/bin/../lib/gcc/arm-none-eabi/12.3.1/../../../../arm-none-eabi/lib/thumb/v7e-m+fp/hard/crt0.o (memset)
/nix/store/72mh9f9j9cnizh603jhabx160i7mispg-gcc-arm-embedded-12.3.rel1/bin/../lib/gcc/arm-none-eabi/12.3.1/../../../../arm-none-eabi/lib/thumb/v7e-m+fp/hard/libc_nano.a(libc_a-lock.o)
                              /nix/store/72mh9f9j9cnizh603jhabx160i7mispg-gcc-arm-embedded-12.3.rel1/bin/../lib/gcc/arm-none-eabi/12.3.1/../../../../arm-none-eabi/lib/thumb/v7e-m+fp/hard/libc_nano.a(libc_a-findfp.o) (__retarget_lock_init_recursive)
/nix/store/72mh9f9j9cnizh603jhabx160i7mispg-gcc-arm-embedded-12.3.rel1/bin/../lib/gcc/arm-none-eabi/12.3.1/../../../../arm-none-eabi/lib/thumb/v7e-m+fp/hard/libc_nano.a(libc_a-closer.o)
                              /nix/store/72mh9f9j9cnizh603jhabx160i7mispg-gcc-arm-embedded-12.3.rel1/bin/../lib/gcc/arm-none-eabi/12.3.1/../../../../arm-none-eabi/lib/thumb/v7e-m+fp/hard/libc_nano.a(libc_a-stdio.o) (_close_r)
/nix/store/72mh9f9j9cnizh603jhabx160i7mispg-gcc-arm-embedded-12.3.rel1/bin/../lib/gcc/arm-none-eabi/12.3.1/../../../../arm-none-eabi/lib/thumb/v7e-m+fp/hard/libc_nano.a(libc_a-reent.o)
                              /nix/store/72mh9f9j9cnizh603jhabx160i7mispg-gcc-arm-embedded-12.3.rel1/bin/../lib/gcc/arm-none-eabi/12.3.1/../../../../arm-none-eabi/lib/thumb/v7e-m+fp/hard/libc_nano.a(libc_a-writer.o) (errno)
/nix/store/72mh9f9j9cnizh603jhabx160i7mispg-gcc-arm-embedded-12.3.rel1/bin/../lib/gcc/arm-none-eabi/12.3.1/../../../../arm-none-eabi/lib/thumb/v7e-m+fp/hard/libc_nano.a(libc_a-impure.o)
[...]
Memory Configuration

Name             Origin             Length             Attributes
RAM              0x20000000         0x00020000         xrw
FLASH            0x08000000         0x00080000         xr
*default*        0x00000000         0xffffffff

Linker script and memory map

LOAD /nix/store/72mh9f9j9cnizh603jhabx160i7mispg-gcc-arm-embedded-12.3.rel1/bin/../lib/gcc/arm-none-eabi/12.3.1/thumb/v7e-m+fp/hard/crti.o
LOAD /nix/store/72mh9f9j9cnizh603jhabx160i7mispg-gcc-arm-embedded-12.3.rel1/bin/../lib/gcc/arm-none-eabi/12.3.1/thumb/v7e-m+fp/hard/crtbegin.o
LOAD /nix/store/72mh9f9j9cnizh603jhabx160i7mispg-gcc-arm-embedded-12.3.rel1/bin/../lib/gcc/arm-none-eabi/12.3.1/../../../../arm-none-eabi/lib/thumb/v7e-m+fp/hard/crt0.o
LOAD build/main.o
LOAD build/freertos.o
LOAD build/stm32f4xx_it.o
LOAD build/stm32f4xx_hal_msp.o
LOAD build/stm32f4xx_hal_timebase_tim.o
LOAD build/stm32f4xx_hal_tim.o
LOAD build/stm32f4xx_hal_tim_ex.o
LOAD build/stm32f4xx_hal_rcc.o
LOAD build/stm32f4xx_hal_rcc_ex.o
LOAD build/stm32f4xx_hal_flash.o
LOAD build/stm32f4xx_hal_flash_ex.o
LOAD build/stm32f4xx_hal_flash_ramfunc.o
LOAD build/stm32f4xx_hal_gpio.o
LOAD build/stm32f4xx_hal_dma_ex.o
LOAD build/stm32f4xx_hal_dma.o
LOAD build/stm32f4xx_hal_pwr.o
LOAD build/stm32f4xx_hal_pwr_ex.o
LOAD build/stm32f4xx_hal_cortex.o
LOAD build/stm32f4xx_hal.o
LOAD build/stm32f4xx_hal_exti.o
LOAD build/stm32f4xx_hal_uart.o
LOAD build/system_stm32f4xx.o
LOAD build/croutine.o
LOAD build/event_groups.o
LOAD build/list.o
LOAD build/queue.o
LOAD build/stream_buffer.o
LOAD build/tasks.o
LOAD build/timers.o
LOAD build/cmsis_os2.o
LOAD build/heap_4.o
LOAD build/port.o
LOAD build/sysmem.o
LOAD build/syscalls.o
LOAD build/startup_stm32f446xx.o
LOAD /nix/store/72mh9f9j9cnizh603jhabx160i7mispg-gcc-arm-embedded-12.3.rel1/bin/../lib/gcc/arm-none-eabi/12.3.1/../../../../arm-none-eabi/lib/thumb/v7e-m+fp/hard/libc_nano.a
LOAD /nix/store/72mh9f9j9cnizh603jhabx160i7mispg-gcc-arm-embedded-12.3.rel1/bin/../lib/gcc/arm-none-eabi/12.3.1/../../../../arm-none-eabi/lib/thumb/v7e-m+fp/hard/libm.a
LOAD /nix/store/72mh9f9j9cnizh603jhabx160i7mispg-gcc-arm-embedded-12.3.rel1/bin/../lib/gcc/arm-none-eabi/12.3.1/../../../../arm-none-eabi/lib/thumb/v7e-m+fp/hard/libnosys.a
START GROUP
LOAD /nix/store/72mh9f9j9cnizh603jhabx160i7mispg-gcc-arm-embedded-12.3.rel1/bin/../lib/gcc/arm-none-eabi/12.3.1/thumb/v7e-m+fp/hard/libgcc.a
LOAD /nix/store/72mh9f9j9cnizh603jhabx160i7mispg-gcc-arm-embedded-12.3.rel1/bin/../lib/gcc/arm-none-eabi/12.3.1/../../../../arm-none-eabi/lib/thumb/v7e-m+fp/hard/libc_nano.a
END GROUP
START GROUP
LOAD /nix/store/72mh9f9j9cnizh603jhabx160i7mispg-gcc-arm-embedded-12.3.rel1/bin/../lib/gcc/arm-none-eabi/12.3.1/thumb/v7e-m+fp/hard/libgcc.a
LOAD /nix/store/72mh9f9j9cnizh603jhabx160i7mispg-gcc-arm-embedded-12.3.rel1/bin/../lib/gcc/arm-none-eabi/12.3.1/../../../../arm-none-eabi/lib/thumb/v7e-m+fp/hard/libc_nano.a
END GROUP
LOAD /nix/store/72mh9f9j9cnizh603jhabx160i7mispg-gcc-arm-embedded-12.3.rel1/bin/../lib/gcc/arm-none-eabi/12.3.1/thumb/v7e-m+fp/hard/crtend.o
LOAD /nix/store/72mh9f9j9cnizh603jhabx160i7mispg-gcc-arm-embedded-12.3.rel1/bin/../lib/gcc/arm-none-eabi/12.3.1/thumb/v7e-m+fp/hard/crtn.o
                0x20020000                        _estack = (ORIGIN (RAM) + LENGTH (RAM))
                0x00000200                        _Min_Heap_Size = 0x200
                0x00000400                        _Min_Stack_Size = 0x400

.isr_vector     0x08000000      0x1c4
                0x08000000                        . = ALIGN (0x4)
 *(.isr_vector)
 .isr_vector    0x08000000      0x1c4 build/startup_stm32f446xx.o
                0x08000000                g_pfnVectors
                0x080001c4                        . = ALIGN (0x4)

.text           0x080001d0     0x33e8
                0x080001d0                        . = ALIGN (0x4)
 *(.text)
 .text          0x080001d0       0x30 /nix/store/72mh9f9j9cnizh603jhabx160i7mispg-gcc-arm-embedded-12.3.rel1/bin/../lib/gcc/arm-none-eabi/12.3.1/thumb/v7e-m+fp/hard/libgcc.a(_aeabi_uldivmod.o)
                0x080001d0                __aeabi_uldivmod
 .text          0x08000200        0x4 /nix/store/72mh9f9j9cnizh603jhabx160i7mispg-gcc-arm-embedded-12.3.rel1/bin/../lib/gcc/arm-none-eabi/12.3.1/thumb/v7e-m+fp/hard/libgcc.a(_dvmd_tls.o)
                0x08000200                __aeabi_ldiv0
                0x08000200                __aeabi_idiv0
 *(.text*)
 .text.deregister_tm_clones
                0x08000204       0x1c /nix/store/72mh9f9j9cnizh603jhabx160i7mispg-gcc-arm-embedded-12.3.rel1/bin/../lib/gcc/arm-none-eabi/12.3.1/thumb/v7e-m+fp/hard/crtbegin.o
 .text.register_tm_clones
                0x08000220       0x24 /nix/store/72mh9f9j9cnizh603jhabx160i7mispg-gcc-arm-embedded-12.3.rel1/bin/../lib/gcc/arm-none-eabi/12.3.1/thumb/v7e-m+fp/hard/crtbegin.o
 .text.__do_global_dtors_aux
                0x08000244       0x28 /nix/store/72mh9f9j9cnizh603jhabx160i7mispg-gcc-arm-embedded-12.3.rel1/bin/../lib/gcc/arm-none-eabi/12.3.1/thumb/v7e-m+fp/hard/crtbegin.o
 .text.frame_dummy
                0x0800026c       0x24 /nix/store/72mh9f9j9cnizh603jhabx160i7mispg-gcc-arm-embedded-12.3.rel1/bin/../lib/gcc/arm-none-eabi/12.3.1/thumb/v7e-m+fp/hard/crtbegin.o
 .text.MX_GPIO_Init
                0x08000290       0xa8 build/main.o
 .text.StartDefaultTask
                0x08000338       0x18 build/main.o
                0x08000338                StartDefaultTask
 .text.HAL_TIM_PeriodElapsedCallback
                0x08000350       0x18 build/main.o
                0x08000350                HAL_TIM_PeriodElapsedCallback
 .text.Error_Handler
                0x08000368        0x4 build/main.o
                0x08000368                Error_Handler
 .text.MX_USART2_UART_Init
                0x0800036c       0x34 build/main.o
 .text.SystemClock_Config
                0x080003a0       0xa4 build/main.o
                0x080003a0                SystemClock_Config
 .text.main     0x08000444       0x38 build/main.o
                0x08000444                main
 .text.NMI_Handler
                0x0800047c        0x2 build/stm32f4xx_it.o
                0x0800047c                NMI_Handler
 .text.HardFault_Handler
                0x0800047e        0x2 build/stm32f4xx_it.o
                0x0800047e                HardFault_Handler
 .text.MemManage_Handler
                0x08000480        0x2 build/stm32f4xx_it.o
                0x08000480                MemManage_Handler
 .text.BusFault_Handler
                0x08000482        0x2 build/stm32f4xx_it.o
                0x08000482                BusFault_Handler
 .text.UsageFault_Handler
                0x08000484        0x2 build/stm32f4xx_it.o
                0x08000484                UsageFault_Handler
 .text.DebugMon_Handler
                0x08000486        0x2 build/stm32f4xx_it.o
                0x08000486                DebugMon_Handler
 .text.TIM6_DAC_IRQHandler
                0x08000488       0x10 build/stm32f4xx_it.o
                0x08000488                TIM6_DAC_IRQHandler
 .text.HAL_MspInit
                0x08000498       0x44 build/stm32f4xx_hal_msp.o
                0x08000498                HAL_MspInit
 .text.HAL_UART_MspInit
                0x080004dc       0x70 build/stm32f4xx_hal_msp.o
                0x080004dc                HAL_UART_MspInit
 .text.HAL_InitTick
                0x0800054c       0xa4 build/stm32f4xx_hal_timebase_tim.o
                0x0800054c                HAL_InitTick
 .text.HAL_TIM_Base_MspInit
                0x080005f0        0x2 build/stm32f4xx_hal_tim.o
                0x080005f0                HAL_TIM_Base_MspInit
 *fill*         0x080005f2        0x2 
 .text.HAL_TIM_Base_Start_IT
                0x080005f4       0x88 build/stm32f4xx_hal_tim.o
                0x080005f4                HAL_TIM_Base_Start_IT
 .text.HAL_TIM_OC_DelayElapsedCallback
                0x0800067c        0x2 build/stm32f4xx_hal_tim.o
                0x0800067c                HAL_TIM_OC_DelayElapsedCallback
 .text.HAL_TIM_IC_CaptureCallback
                0x0800067e        0x2 build/stm32f4xx_hal_tim.o
                0x0800067e                HAL_TIM_IC_CaptureCallback
 .text.HAL_TIM_PWM_PulseFinishedCallback
                0x08000680        0x2 build/stm32f4xx_hal_tim.o
                0x08000680                HAL_TIM_PWM_PulseFinishedCallback
 .text.HAL_TIM_TriggerCallback
                0x08000682        0x2 build/stm32f4xx_hal_tim.o
                0x08000682                HAL_TIM_TriggerCallback
 .text.HAL_TIM_IRQHandler
                0x08000684      0x15e build/stm32f4xx_hal_tim.o
                0x08000684                HAL_TIM_IRQHandler
 *fill*         0x080007e2        0x2 
 .text.TIM_Base_SetConfig
                0x080007e4       0xd0 build/stm32f4xx_hal_tim.o
                0x080007e4                TIM_Base_SetConfig
 .text.HAL_TIM_Base_Init
                0x080008b4       0x58 build/stm32f4xx_hal_tim.o
                0x080008b4                HAL_TIM_Base_Init
 .text.HAL_TIMEx_CommutCallback
                0x0800090c        0x2 build/stm32f4xx_hal_tim_ex.o
                0x0800090c                HAL_TIMEx_CommutCallback
 .text.HAL_TIMEx_BreakCallback
                0x0800090e        0x2 build/stm32f4xx_hal_tim_ex.o
                0x0800090e                HAL_TIMEx_BreakCallback
 .text.HAL_RCC_ClockConfig
                0x08000910      0x160 build/stm32f4xx_hal_rcc.o
                0x08000910                HAL_RCC_ClockConfig
 .text.HAL_RCC_GetHCLKFreq
                0x08000a70        0xc build/stm32f4xx_hal_rcc.o
                0x08000a70                HAL_RCC_GetHCLKFreq
 .text.HAL_RCC_GetPCLK1Freq
                0x08000a7c       0x20 build/stm32f4xx_hal_rcc.o
                0x08000a7c                HAL_RCC_GetPCLK1Freq
 .text.HAL_RCC_GetPCLK2Freq
                0x08000a9c       0x20 build/stm32f4xx_hal_rcc.o
                0x08000a9c                HAL_RCC_GetPCLK2Freq
 .text.HAL_RCC_GetClockConfig
                0x08000abc       0x3c build/stm32f4xx_hal_rcc.o
                0x08000abc                HAL_RCC_GetClockConfig
 .text.HAL_RCC_GetSysClockFreq
                0x08000af8      0x190 build/stm32f4xx_hal_rcc_ex.o
                0x08000af8                HAL_RCC_GetSysClockFreq
 .text.HAL_RCC_OscConfig
                0x08000c88      0x444 build/stm32f4xx_hal_rcc_ex.o
                0x08000c88                HAL_RCC_OscConfig
 .text.HAL_GPIO_Init
                0x080010cc      0x1e0 build/stm32f4xx_hal_gpio.o
                0x080010cc                HAL_GPIO_Init
 .text.HAL_GPIO_WritePin
                0x080012ac        0xc build/stm32f4xx_hal_gpio.o
                0x080012ac                HAL_GPIO_WritePin
 .text.HAL_GPIO_TogglePin
                0x080012b8       0x12 build/stm32f4xx_hal_gpio.o
                0x080012b8                HAL_GPIO_TogglePin
 *fill*         0x080012ca        0x2 
 .text.__NVIC_EnableIRQ
                0x080012cc       0x1c build/stm32f4xx_hal_cortex.o
 .text.__NVIC_SetPriority
                0x080012e8       0x28 build/stm32f4xx_hal_cortex.o
 .text.NVIC_EncodePriority
                0x08001310       0x3e build/stm32f4xx_hal_cortex.o
 *fill*         0x0800134e        0x2 
 .text.HAL_NVIC_SetPriorityGrouping
                0x08001350       0x24 build/stm32f4xx_hal_cortex.o
                0x08001350                HAL_NVIC_SetPriorityGrouping
 .text.HAL_NVIC_SetPriority
                0x08001374       0x20 build/stm32f4xx_hal_cortex.o
                0x08001374                HAL_NVIC_SetPriority
 .text.HAL_NVIC_EnableIRQ
                0x08001394        0x8 build/stm32f4xx_hal_cortex.o
                0x08001394                HAL_NVIC_EnableIRQ
 .text.HAL_Init
                0x0800139c       0x34 build/stm32f4xx_hal.o
                0x0800139c                HAL_Init
 .text.HAL_IncTick
                0x080013d0       0x18 build/stm32f4xx_hal.o
                0x080013d0                HAL_IncTick
 .text.HAL_GetTick
                0x080013e8        0xc build/stm32f4xx_hal.o
                0x080013e8                HAL_GetTick
 .text.UART_SetConfig
                0x080013f4      0x110 build/stm32f4xx_hal_uart.o
 .text.HAL_UART_Init
                0x08001504       0x60 build/stm32f4xx_hal_uart.o
                0x08001504                HAL_UART_Init
 .text.SystemInit
                0x08001564       0x14 build/system_stm32f4xx.o
                0x08001564                SystemInit
 .text.vListInitialise
                0x08001578       0x16 build/list.o
                0x08001578                vListInitialise
 .text.vListInitialiseItem
                0x0800158e        0x6 build/list.o
                0x0800158e                vListInitialiseItem
 .text.vListInsertEnd
                0x08001594       0x16 build/list.o
                0x08001594                vListInsertEnd
 .text.vListInsert
                0x080015aa       0x32 build/list.o
                0x080015aa                vListInsert
 .text.uxListRemove
                0x080015dc       0x26 build/list.o
                0x080015dc                uxListRemove
 .text.prvIsQueueFull
                0x08001602       0x1e build/queue.o
 .text.prvIsQueueEmpty
                0x08001620       0x1a build/queue.o
 .text.prvCopyDataToQueue
                0x0800163a       0x76 build/queue.o
 .text.prvCopyDataFromQueue
                0x080016b0       0x24 build/queue.o
 .text.prvUnlockQueue
                0x080016d4       0x6e build/queue.o
 .text.xQueueGenericReset
                0x08001742       0x84 build/queue.o
                0x08001742                xQueueGenericReset
 .text.prvInitialiseNewQueue
                0x080017c6       0x22 build/queue.o
 .text.xQueueGenericCreateStatic
                0x080017e8       0x94 build/queue.o
                0x080017e8                xQueueGenericCreateStatic
 .text.xQueueGenericSend
                0x0800187c      0x188 build/queue.o
                0x0800187c                xQueueGenericSend
 .text.xQueueGenericSendFromISR
                0x08001a04       0xce build/queue.o
                0x08001a04                xQueueGenericSendFromISR
 .text.xQueueReceive
                0x08001ad2      0x15e build/queue.o
                0x08001ad2                xQueueReceive
 .text.vQueueAddToRegistry
                0x08001c30       0x28 build/queue.o
                0x08001c30                vQueueAddToRegistry
 .text.vQueueWaitForMessageRestricted
                0x08001c58       0x52 build/queue.o
                0x08001c58                vQueueWaitForMessageRestricted
 *fill*         0x08001caa        0x2 
 .text.prvResetNextTaskUnblockTime
                0x08001cac       0x2c build/tasks.o
 .text.prvInitialiseNewTask
                0x08001cd8       0xa2 build/tasks.o
 *fill*         0x08001d7a        0x2 
 .text.prvInitialiseTaskLists
                0x08001d7c       0x68 build/tasks.o
 .text.prvAddNewTaskToReadyList
                0x08001de4       0xac build/tasks.o
 .text.prvDeleteTCB
                0x08001e90       0x38 build/tasks.o
 .text.prvCheckTasksWaitingTermination
                0x08001ec8       0x4c build/tasks.o
 .text.prvIdleTask
                0x08001f14       0x28 build/tasks.o
 .text.prvAddCurrentTaskToDelayedList
                0x08001f3c       0x7c build/tasks.o
 .text.xTaskCreateStatic
                0x08001fb8       0x76 build/tasks.o
                0x08001fb8                xTaskCreateStatic
 .text.xTaskCreate
                0x0800202e       0x64 build/tasks.o
                0x0800202e                xTaskCreate
 *fill*         0x08002092        0x2 
 .text.vTaskStartScheduler
                0x08002094       0x98 build/tasks.o
                0x08002094                vTaskStartScheduler
 .text.vTaskSuspendAll
                0x0800212c       0x10 build/tasks.o
                0x0800212c                vTaskSuspendAll
 .text.xTaskGetTickCount
                0x0800213c        0xc build/tasks.o
                0x0800213c                xTaskGetTickCount
 .text.xTaskIncrementTick
                0x08002148      0x118 build/tasks.o
                0x08002148                xTaskIncrementTick
 .text.xTaskResumeAll
                0x08002260       0xf8 build/tasks.o
                0x08002260                xTaskResumeAll
 .text.vTaskDelay
                0x08002358       0x4c build/tasks.o
                0x08002358                vTaskDelay
 .text.vTaskSwitchContext
                0x080023a4       0x98 build/tasks.o
                0x080023a4                vTaskSwitchContext
 .text.vTaskPlaceOnEventList
                0x0800243c       0x30 build/tasks.o
                0x0800243c                vTaskPlaceOnEventList
 .text.vTaskPlaceOnEventListRestricted
                0x0800246c       0x38 build/tasks.o
                0x0800246c                vTaskPlaceOnEventListRestricted
 .text.xTaskRemoveFromEventList
                0x080024a4       0x8c build/tasks.o
                0x080024a4                xTaskRemoveFromEventList
 .text.vTaskInternalSetTimeOutState
                0x08002530       0x18 build/tasks.o
                0x08002530                vTaskInternalSetTimeOutState
 .text.xTaskCheckForTimeOut
                0x08002548       0x84 build/tasks.o
                0x08002548                xTaskCheckForTimeOut
 .text.vTaskMissedYield
                0x080025cc        0xc build/tasks.o
                0x080025cc                vTaskMissedYield
 .text.xTaskGetSchedulerState
                0x080025d8       0x20 build/tasks.o
                0x080025d8                xTaskGetSchedulerState
 .text.xTaskPriorityDisinherit
                0x080025f8       0x90 build/tasks.o
                0x080025f8                xTaskPriorityDisinherit
 .text.prvGetNextExpireTime
                0x08002688       0x20 build/timers.o
 .text.prvInsertTimerInActiveList
                0x080026a8       0x48 build/timers.o
 .text.prvCheckForValidListAndQueue
                0x080026f0       0x70 build/timers.o
 .text.xTimerCreateTimerTask
                0x08002760       0x64 build/timers.o
                0x08002760                xTimerCreateTimerTask
 .text.xTimerGenericCommand
                0x080027c4       0x6c build/timers.o
                0x080027c4                xTimerGenericCommand
 .text.prvSwitchTimerLists
                0x08002830       0x7c build/timers.o
 .text.prvSampleTimeNow
                0x080028ac       0x2c build/timers.o
 .text.prvProcessExpiredTimer
                0x080028d8       0x6c build/timers.o
 .text.prvProcessTimerOrBlockTask
                0x08002944       0x74 build/timers.o
 .text.prvProcessReceivedCommands
                0x080029b8      0x10c build/timers.o
 .text.prvTimerTask
                0x08002ac4       0x16 build/timers.o
 .text.SysTick_Handler
                0x08002ada       0x18 build/cmsis_os2.o
                0x08002ada                SysTick_Handler
 *fill*         0x08002af2        0x2 
 .text.osKernelInitialize
                0x08002af4       0x24 build/cmsis_os2.o
                0x08002af4                osKernelInitialize
 .text.osKernelStart
                0x08002b18       0x38 build/cmsis_os2.o
                0x08002b18                osKernelStart
 .text.osThreadNew
                0x08002b50       0xbc build/cmsis_os2.o
                0x08002b50                osThreadNew
 .text.osDelay  0x08002c0c       0x1c build/cmsis_os2.o
                0x08002c0c                osDelay
 .text.vApplicationGetIdleTaskMemory
                0x08002c28       0x18 build/cmsis_os2.o
                0x08002c28                vApplicationGetIdleTaskMemory
 .text.vApplicationGetTimerTaskMemory
                0x08002c40       0x18 build/cmsis_os2.o
                0x08002c40                vApplicationGetTimerTaskMemory
 .text.prvHeapInit
                0x08002c58       0x64 build/heap_4.o
 .text.prvInsertBlockIntoFreeList
                0x08002cbc       0x64 build/heap_4.o
 .text.pvPortMalloc
                0x08002d20      0x104 build/heap_4.o
                0x08002d20                pvPortMalloc
 .text.vPortFree
                0x08002e24       0x7c build/heap_4.o
                0x08002e24                vPortFree
 .text.prvTaskExitError
                0x08002ea0       0x40 build/port.o
 .text.prvPortStartFirstTask
                0x08002ee0       0x28 build/port.o
 .text.vPortEnableVFP
                0x08002f08       0x14 build/port.o
 .text.pxPortInitialiseStack
                0x08002f1c       0x2c build/port.o
                0x08002f1c                pxPortInitialiseStack
 *fill*         0x08002f48        0x8 
 .text.SVC_Handler
                0x08002f50       0x24 build/port.o
                0x08002f50                SVC_Handler
 .text.vPortEnterCritical
                0x08002f74       0x44 build/port.o
                0x08002f74                vPortEnterCritical
 .text.vPortExitCritical
                0x08002fb8       0x2c build/port.o
                0x08002fb8                vPortExitCritical
 *fill*         0x08002fe4        0xc 
 .text.PendSV_Handler
                0x08002ff0       0x64 build/port.o
                0x08002ff0                PendSV_Handler
 .text.xPortSysTickHandler
                0x08003054       0x2c build/port.o
                0x08003054                xPortSysTickHandler
 .text.vPortSetupTimerInterrupt
                0x08003080       0x28 build/port.o
                0x08003080                vPortSetupTimerInterrupt
 .text.xPortStartScheduler
                0x080030a8      0x118 build/port.o
                0x080030a8                xPortStartScheduler
 .text.vPortValidateInterruptPriority
                0x080031c0       0x5c build/port.o
                0x080031c0                vPortValidateInterruptPriority
 .text.Reset_Handler
                0x0800321c       0x50 build/startup_stm32f446xx.o
                0x0800321c                Reset_Handler
 .text.Default_Handler
                0x0800326c        0x2 build/startup_stm32f446xx.o
                0x0800326c                RTC_Alarm_IRQHandler
                0x0800326c                EXTI2_IRQHandler
                0x0800326c                TIM8_CC_IRQHandler
                0x0800326c                FMPI2C1_EV_IRQHandler
                0x0800326c                SPI4_IRQHandler
                0x0800326c                TIM1_CC_IRQHandler
                0x0800326c                DMA2_Stream5_IRQHandler
                0x0800326c                DMA1_Stream5_IRQHandler
                0x0800326c                PVD_IRQHandler
                0x0800326c                SDIO_IRQHandler
                0x0800326c                TAMP_STAMP_IRQHandler
                0x0800326c                CAN2_RX1_IRQHandler
                0x0800326c                EXTI3_IRQHandler
                0x0800326c                TIM8_TRG_COM_TIM14_IRQHandler
                0x0800326c                TIM1_UP_TIM10_IRQHandler
                0x0800326c                TIM8_UP_TIM13_IRQHandler
                0x0800326c                I2C3_ER_IRQHandler
                0x0800326c                EXTI0_IRQHandler
                0x0800326c                I2C2_EV_IRQHandler
                0x0800326c                DMA1_Stream2_IRQHandler
                0x0800326c                CAN1_RX0_IRQHandler
                0x0800326c                FPU_IRQHandler
                0x0800326c                OTG_HS_WKUP_IRQHandler
                0x0800326c                CAN2_SCE_IRQHandler
                0x0800326c                DMA2_Stream2_IRQHandler
                0x0800326c                SPI1_IRQHandler
                0x0800326c                TIM1_BRK_TIM9_IRQHandler
                0x0800326c                DCMI_IRQHandler
                0x0800326c                CAN2_RX0_IRQHandler
                0x0800326c                DMA2_Stream3_IRQHandler
                0x0800326c                SAI2_IRQHandler
                0x0800326c                USART6_IRQHandler
                0x0800326c                USART3_IRQHandler
                0x0800326c                CAN1_RX1_IRQHandler
                0x0800326c                UART5_IRQHandler
                0x0800326c                DMA2_Stream0_IRQHandler
                0x0800326c                TIM4_IRQHandler
                0x0800326c                QUADSPI_IRQHandler
                0x0800326c                I2C1_EV_IRQHandler
                0x0800326c                DMA1_Stream6_IRQHandler
                0x0800326c                DMA1_Stream1_IRQHandler
                0x0800326c                UART4_IRQHandler
                0x0800326c                TIM3_IRQHandler
                0x0800326c                RCC_IRQHandler
                0x0800326c                TIM8_BRK_TIM12_IRQHandler
                0x0800326c                Default_Handler
                0x0800326c                CEC_IRQHandler
                0x0800326c                EXTI15_10_IRQHandler
                0x0800326c                ADC_IRQHandler
                0x0800326c                DMA1_Stream7_IRQHandler
                0x0800326c                TIM7_IRQHandler
                0x0800326c                CAN2_TX_IRQHandler
                0x0800326c                TIM5_IRQHandler
                0x0800326c                DMA2_Stream7_IRQHandler
                0x0800326c                I2C3_EV_IRQHandler
                0x0800326c                EXTI9_5_IRQHandler
                0x0800326c                RTC_WKUP_IRQHandler
                0x0800326c                SPDIF_RX_IRQHandler
                0x0800326c                SPI2_IRQHandler
                0x0800326c                OTG_HS_EP1_IN_IRQHandler
                0x0800326c                DMA1_Stream0_IRQHandler
                0x0800326c                CAN1_TX_IRQHandler
                0x0800326c                FMPI2C1_ER_IRQHandler
                0x0800326c                EXTI4_IRQHandler
                0x0800326c                OTG_HS_EP1_OUT_IRQHandler
                0x0800326c                WWDG_IRQHandler
                0x0800326c                TIM2_IRQHandler
                0x0800326c                OTG_FS_WKUP_IRQHandler
                0x0800326c                TIM1_TRG_COM_TIM11_IRQHandler
                0x0800326c                OTG_HS_IRQHandler
                0x0800326c                EXTI1_IRQHandler
                0x0800326c                USART2_IRQHandler
                0x0800326c                I2C2_ER_IRQHandler
                0x0800326c                DMA2_Stream1_IRQHandler
                0x0800326c                CAN1_SCE_IRQHandler
                0x0800326c                FLASH_IRQHandler
                0x0800326c                DMA2_Stream4_IRQHandler
                0x0800326c                USART1_IRQHandler
                0x0800326c                OTG_FS_IRQHandler
                0x0800326c                SPI3_IRQHandler
                0x0800326c                DMA1_Stream4_IRQHandler
                0x0800326c                I2C1_ER_IRQHandler
                0x0800326c                FMC_IRQHandler
                0x0800326c                DMA2_Stream6_IRQHandler
                0x0800326c                SAI1_IRQHandler
                0x0800326c                DMA1_Stream3_IRQHandler
 *fill*         0x0800326e        0x2 
 .text.__libc_init_array
                0x08003270       0x48 /nix/store/72mh9f9j9cnizh603jhabx160i7mispg-gcc-arm-embedded-12.3.rel1/bin/../lib/gcc/arm-none-eabi/12.3.1/../../../../arm-none-eabi/lib/thumb/v7e-m+fp/hard/libc_nano.a(libc_a-init.o)
                0x08003270                __libc_init_array
 .text.memcpy   0x080032b8       0x1c /nix/store/72mh9f9j9cnizh603jhabx160i7mispg-gcc-arm-embedded-12.3.rel1/bin/../lib/gcc/arm-none-eabi/12.3.1/../../../../arm-none-eabi/lib/thumb/v7e-m+fp/hard/libc_nano.a(libc_a-memcpy-stub.o)
                0x080032b8                memcpy
 .text.memset   0x080032d4       0x10 /nix/store/72mh9f9j9cnizh603jhabx160i7mispg-gcc-arm-embedded-12.3.rel1/bin/../lib/gcc/arm-none-eabi/12.3.1/../../../../arm-none-eabi/lib/thumb/v7e-m+fp/hard/libc_nano.a(libc_a-memset.o)
                0x080032d4                memset
 .text.__udivmoddi4
                0x080032e4      0x2bc /nix/store/72mh9f9j9cnizh603jhabx160i7mispg-gcc-arm-embedded-12.3.rel1/bin/../lib/gcc/arm-none-eabi/12.3.1/thumb/v7e-m+fp/hard/libgcc.a(_udivmoddi4.o)
                0x080032e4                __udivmoddi4
 *(.glue_7)
 .glue_7        0x080035a0        0x0 linker stubs
 *(.glue_7t)
 .glue_7t       0x080035a0        0x0 linker stubs
 *(.eh_frame)
 .eh_frame      0x080035a0        0x0 /nix/store/72mh9f9j9cnizh603jhabx160i7mispg-gcc-arm-embedded-12.3.rel1/bin/../lib/gcc/arm-none-eabi/12.3.1/thumb/v7e-m+fp/hard/crtbegin.o
 *(.init)
 .init          0x080035a0        0x4 /nix/store/72mh9f9j9cnizh603jhabx160i7mispg-gcc-arm-embedded-12.3.rel1/bin/../lib/gcc/arm-none-eabi/12.3.1/thumb/v7e-m+fp/hard/crti.o
                0x080035a0                _init
 .init          0x080035a4        0x8 /nix/store/72mh9f9j9cnizh603jhabx160i7mispg-gcc-arm-embedded-12.3.rel1/bin/../lib/gcc/arm-none-eabi/12.3.1/thumb/v7e-m+fp/hard/crtn.o
 *(.fini)
 .fini          0x080035ac        0x4 /nix/store/72mh9f9j9cnizh603jhabx160i7mispg-gcc-arm-embedded-12.3.rel1/bin/../lib/gcc/arm-none-eabi/12.3.1/thumb/v7e-m+fp/hard/crti.o
                0x080035ac                _fini
 .fini          0x080035b0        0x8 /nix/store/72mh9f9j9cnizh603jhabx160i7mispg-gcc-arm-embedded-12.3.rel1/bin/../lib/gcc/arm-none-eabi/12.3.1/thumb/v7e-m+fp/hard/crtn.o
                0x080035b8                        . = ALIGN (0x4)
                0x080035b8                        _etext = .

.vfp11_veneer   0x080035b8        0x0
 .vfp11_veneer  0x080035b8        0x0 linker stubs

.v4_bx          0x080035b8        0x0
 .v4_bx         0x080035b8        0x0 linker stubs

.iplt           0x080035b8        0x0
 .iplt          0x080035b8        0x0 /nix/store/72mh9f9j9cnizh603jhabx160i7mispg-gcc-arm-embedded-12.3.rel1/bin/../lib/gcc/arm-none-eabi/12.3.1/thumb/v7e-m+fp/hard/crtbegin.o

.rodata         0x080035b8       0x60
                0x080035b8                        . = ALIGN (0x4)
 *(.rodata)
 *(.rodata*)
 .rodata.str1.4
                0x080035b8        0xc build/main.o
 .rodata.defaultTask_attributes
                0x080035c4       0x24 build/main.o
                0x080035c4                defaultTask_attributes
 .rodata.APBPrescTable
                0x080035e8        0x8 build/system_stm32f4xx.o
                0x080035e8                APBPrescTable
 .rodata.AHBPrescTable
                0x080035f0       0x10 build/system_stm32f4xx.o
                0x080035f0                AHBPrescTable
 .rodata.vTaskStartScheduler.str1.4
                0x08003600        0x5 build/tasks.o
 *fill*         0x08003605        0x3 
 .rodata.prvCheckForValidListAndQueue.str1.4
                0x08003608        0x5 build/timers.o
 *fill*         0x0800360d        0x3 
 .rodata.xTimerCreateTimerTask.str1.4
                0x08003610        0x8 build/timers.o
                0x08003618                        . = ALIGN (0x4)

.ARM.extab
 *(.ARM.extab* .gnu.linkonce.armextab.*)

.ARM            0x08003618        0x8
                0x08003618                        __exidx_start = .
 *(.ARM.exidx*)
 .ARM.exidx.text.__udivmoddi4
                0x08003618        0x8 /nix/store/72mh9f9j9cnizh603jhabx160i7mispg-gcc-arm-embedded-12.3.rel1/bin/../lib/gcc/arm-none-eabi/12.3.1/thumb/v7e-m+fp/hard/libgcc.a(_udivmoddi4.o)
                0x08003620                        __exidx_end = .

.rel.dyn        0x08003620        0x0
 .rel.iplt      0x08003620        0x0 /nix/store/72mh9f9j9cnizh603jhabx160i7mispg-gcc-arm-embedded-12.3.rel1/bin/../lib/gcc/arm-none-eabi/12.3.1/thumb/v7e-m+fp/hard/crtbegin.o

.preinit_array  0x08003620        0x0
                0x08003620                        PROVIDE (__preinit_array_start = .)
 *(.preinit_array*)
                0x08003620                        PROVIDE (__preinit_array_end = .)

.init_array     0x08003620        0x4
                0x08003620                        PROVIDE (__init_array_start = .)
 *(SORT_BY_NAME(.init_array.*))
 *(.init_array*)
 .init_array    0x08003620        0x4 /nix/store/72mh9f9j9cnizh603jhabx160i7mispg-gcc-arm-embedded-12.3.rel1/bin/../lib/gcc/arm-none-eabi/12.3.1/thumb/v7e-m+fp/hard/crtbegin.o
                0x08003624                        PROVIDE (__init_array_end = .)

.fini_array     0x08003624        0x4
                [!provide]                        PROVIDE (__fini_array_start = .)
 *(SORT_BY_NAME(.fini_array.*))
 *(.fini_array*)
 .fini_array    0x08003624        0x4 /nix/store/72mh9f9j9cnizh603jhabx160i7mispg-gcc-arm-embedded-12.3.rel1/bin/../lib/gcc/arm-none-eabi/12.3.1/thumb/v7e-m+fp/hard/crtbegin.o
                [!provide]                        PROVIDE (__fini_array_end = .)
                0x08003628                        _sidata = LOADADDR (.data)

.data           0x20000000       0x10 load address 0x08003628
                0x20000000                        . = ALIGN (0x4)
                0x20000000                        _sdata = .
 *(.data)
 *(.data*)
 .data.uwTickFreq
                0x20000000        0x1 build/stm32f4xx_hal.o
                0x20000000                uwTickFreq
 *fill*         0x20000001        0x3 
 .data.uwTickPrio
                0x20000004        0x4 build/stm32f4xx_hal.o
                0x20000004                uwTickPrio
 .data.SystemCoreClock
                0x20000008        0x4 build/system_stm32f4xx.o
                0x20000008                SystemCoreClock
 .data.uxCriticalNesting
                0x2000000c        0x4 build/port.o
                0x20000010                        . = ALIGN (0x4)
                0x20000010                        _edata = .

.tm_clone_table
                0x20000010        0x0 load address 0x08003638
 .tm_clone_table
                0x20000010        0x0 /nix/store/72mh9f9j9cnizh603jhabx160i7mispg-gcc-arm-embedded-12.3.rel1/bin/../lib/gcc/arm-none-eabi/12.3.1/thumb/v7e-m+fp/hard/crtbegin.o
 .tm_clone_table
                0x20000010        0x0 /nix/store/72mh9f9j9cnizh603jhabx160i7mispg-gcc-arm-embedded-12.3.rel1/bin/../lib/gcc/arm-none-eabi/12.3.1/thumb/v7e-m+fp/hard/crtend.o

.igot.plt       0x20000010        0x0 load address 0x08003638
 .igot.plt      0x20000010        0x0 /nix/store/72mh9f9j9cnizh603jhabx160i7mispg-gcc-arm-embedded-12.3.rel1/bin/../lib/gcc/arm-none-eabi/12.3.1/thumb/v7e-m+fp/hard/crtbegin.o
                0x20000010                        . = ALIGN (0x4)

.bss            0x20000010     0x4a04 load address 0x08003638
                0x20000010                        _sbss = .
                0x20000010                        __bss_start__ = _sbss
 *(.bss)
 *(.bss*)
 .bss.completed.1
                0x20000010        0x1 /nix/store/72mh9f9j9cnizh603jhabx160i7mispg-gcc-arm-embedded-12.3.rel1/bin/../lib/gcc/arm-none-eabi/12.3.1/thumb/v7e-m+fp/hard/crtbegin.o
 *fill*         0x20000011        0x3 
 .bss.object.0  0x20000014       0x18 /nix/store/72mh9f9j9cnizh603jhabx160i7mispg-gcc-arm-embedded-12.3.rel1/bin/../lib/gcc/arm-none-eabi/12.3.1/thumb/v7e-m+fp/hard/crtbegin.o
 .bss.defaultTaskHandle
                0x2000002c        0x4 build/main.o
                0x2000002c                defaultTaskHandle
 .bss.huart2    0x20000030       0x48 build/main.o
                0x20000030                huart2
 .bss.htim6     0x20000078       0x48 build/stm32f4xx_hal_timebase_tim.o
                0x20000078                htim6
 .bss.uwTick    0x200000c0        0x4 build/stm32f4xx_hal.o
                0x200000c0                uwTick
 .bss.xQueueRegistry
                0x200000c4       0x40 build/queue.o
                0x200000c4                xQueueRegistry
 .bss.uxSchedulerSuspended
                0x20000104        0x4 build/tasks.o
 .bss.xIdleTaskHandle
                0x20000108        0x4 build/tasks.o
 .bss.xNextTaskUnblockTime
                0x2000010c        0x4 build/tasks.o
 .bss.uxTaskNumber
                0x20000110        0x4 build/tasks.o
 .bss.xNumOfOverflows
                0x20000114        0x4 build/tasks.o
 .bss.xYieldPending
                0x20000118        0x4 build/tasks.o
 .bss.xPendedTicks
                0x2000011c        0x4 build/tasks.o
 .bss.xSchedulerRunning
                0x20000120        0x4 build/tasks.o
 .bss.uxTopReadyPriority
                0x20000124        0x4 build/tasks.o
 .bss.xTickCount
                0x20000128        0x4 build/tasks.o
 .bss.uxCurrentNumberOfTasks
                0x2000012c        0x4 build/tasks.o
 .bss.xSuspendedTaskList
                0x20000130       0x14 build/tasks.o
 .bss.uxDeletedTasksWaitingCleanUp
                0x20000144        0x4 build/tasks.o
 .bss.xTasksWaitingTermination
                0x20000148       0x14 build/tasks.o
 .bss.xPendingReadyList
                0x2000015c       0x14 build/tasks.o
 .bss.pxOverflowDelayedTaskList
                0x20000170        0x4 build/tasks.o
 .bss.pxDelayedTaskList
                0x20000174        0x4 build/tasks.o
 .bss.xDelayedTaskList2
                0x20000178       0x14 build/tasks.o
 .bss.xDelayedTaskList1
                0x2000018c       0x14 build/tasks.o
 .bss.pxReadyTasksLists
                0x200001a0      0x460 build/tasks.o
 .bss.pxCurrentTCB
                0x20000600        0x4 build/tasks.o
                0x20000600                pxCurrentTCB
 .bss.xStaticTimerQueue.0
                0x20000604       0x50 build/timers.o
 .bss.ucStaticTimerQueueStorage.1
                0x20000654       0xa0 build/timers.o
 .bss.xLastTime.2
                0x200006f4        0x4 build/timers.o
 .bss.xTimerTaskHandle
                0x200006f8        0x4 build/timers.o
 .bss.xTimerQueue
                0x200006fc        0x4 build/timers.o
 .bss.pxOverflowTimerList
                0x20000700        0x4 build/timers.o
 .bss.pxCurrentTimerList
                0x20000704        0x4 build/timers.o
 .bss.xActiveTimerList2
                0x20000708       0x14 build/timers.o
 .bss.xActiveTimerList1
                0x2000071c       0x14 build/timers.o
 .bss.Timer_Stack.0
                0x20000730      0x400 build/cmsis_os2.o
 .bss.Timer_TCB.1
                0x20000b30       0x5c build/cmsis_os2.o
 .bss.Idle_Stack.2
                0x20000b8c      0x200 build/cmsis_os2.o
 .bss.Idle_TCB.3
                0x20000d8c       0x5c build/cmsis_os2.o
 .bss.KernelState
                0x20000de8        0x4 build/cmsis_os2.o
 .bss.xBlockAllocatedBit
                0x20000dec        0x4 build/heap_4.o
 .bss.xNumberOfSuccessfulFrees
                0x20000df0        0x4 build/heap_4.o
 .bss.xNumberOfSuccessfulAllocations
                0x20000df4        0x4 build/heap_4.o
 .bss.xMinimumEverFreeBytesRemaining
                0x20000df8        0x4 build/heap_4.o
 .bss.xFreeBytesRemaining
                0x20000dfc        0x4 build/heap_4.o
 .bss.pxEnd     0x20000e00        0x4 build/heap_4.o
 .bss.xStart    0x20000e04        0x8 build/heap_4.o
 .bss.ucHeap    0x20000e0c     0x3c00 build/heap_4.o
 .bss.ulMaxPRIGROUPValue
                0x20004a0c        0x4 build/port.o
 .bss.ucMaxSysCallPriority
                0x20004a10        0x1 build/port.o
 *(COMMON)
                0x20004a14                        . = ALIGN (0x4)
 *fill*         0x20004a11        0x3 
                0x20004a14                        _ebss = .
                0x20004a14                        __bss_end__ = _ebss

._user_heap_stack
                0x20004a14      0x604 load address 0x08003638
                0x20004a18                        . = ALIGN (0x8)
 *fill*         0x20004a14        0x4 
                [!provide]                        PROVIDE (end = .)
                0x20004a18                        PROVIDE (_end = .)
                0x20004c18                        . = (. + _Min_Heap_Size)
 *fill*         0x20004a18      0x200 
                0x20005018                        . = (. + _Min_Stack_Size)
 *fill*         0x20004c18      0x400 
                0x20005018                        . = ALIGN (0x8)

/DISCARD/
 libc.a(*)
 libm.a(*)
 libgcc.a(*)
OUTPUT(build/STM32_FreeRTOS_Example.elf elf32-littlearm)
LOAD linker stubs
LOAD /nix/store/72mh9f9j9cnizh603jhabx160i7mispg-gcc-arm-embedded-12.3.rel1/bin/../lib/gcc/arm-none-eabi/12.3.1/../../../../arm-none-eabi/lib/thumb/v7e-m+fp/hard/libc.a
LOAD /nix/store/72mh9f9j9cnizh603jhabx160i7mispg-gcc-arm-embedded-12.3.rel1/bin/../lib/gcc/arm-none-eabi/12.3.1/../../../../arm-none-eabi/lib/thumb/v7e-m+fp/hard/libm.a
LOAD /nix/store/72mh9f9j9cnizh603jhabx160i7mispg-gcc-arm-embedded-12.3.rel1/bin/../lib/gcc/arm-none-eabi/12.3.1/thumb/v7e-m+fp/hard/libgcc.a

.ARM.attributes
                0x00000000       0x30
 .ARM.attributes
                0x00000000       0x22 /nix/store/72mh9f9j9cnizh603jhabx160i7mispg-gcc-arm-embedded-12.3.rel1/bin/../lib/gcc/arm-none-eabi/12.3.1/thumb/v7e-m+fp/hard/crti.o
 .ARM.attributes
                0x00000022       0x34 /nix/store/72mh9f9j9cnizh603jhabx160i7mispg-gcc-arm-embedded-12.3.rel1/bin/../lib/gcc/arm-none-eabi/12.3.1/thumb/v7e-m+fp/hard/crtbegin.o
 .ARM.attributes
                0x00000056       0x34 build/main.o
 .ARM.attributes
                0x0000008a       0x34 build/stm32f4xx_it.o
 .ARM.attributes
                0x000000be       0x34 build/stm32f4xx_hal_msp.o
 .ARM.attributes
                0x000000f2       0x34 build/stm32f4xx_hal_timebase_tim.o
 .ARM.attributes
                0x00000126       0x34 build/stm32f4xx_hal_tim.o
 .ARM.attributes
                0x0000015a       0x34 build/stm32f4xx_hal_tim_ex.o
 .ARM.attributes
                0x0000018e       0x34 build/stm32f4xx_hal_rcc.o
 .ARM.attributes
                0x000001c2       0x34 build/stm32f4xx_hal_rcc_ex.o
 .ARM.attributes
                0x000001f6       0x34 build/stm32f4xx_hal_gpio.o
 .ARM.attributes
                0x0000022a       0x34 build/stm32f4xx_hal_cortex.o
 .ARM.attributes
                0x0000025e       0x34 build/stm32f4xx_hal.o
 .ARM.attributes
                0x00000292       0x34 build/stm32f4xx_hal_uart.o
 .ARM.attributes
                0x000002c6       0x34 build/system_stm32f4xx.o
 .ARM.attributes
                0x000002fa       0x34 build/list.o
 .ARM.attributes
                0x0000032e       0x34 build/queue.o
 .ARM.attributes
                0x00000362       0x34 build/tasks.o
 .ARM.attributes
                0x00000396       0x34 build/timers.o
 .ARM.attributes
                0x000003ca       0x34 build/cmsis_os2.o
 .ARM.attributes
                0x000003fe       0x34 build/heap_4.o
 .ARM.attributes
                0x00000432       0x34 build/port.o
 .ARM.attributes
                0x00000466       0x21 build/startup_stm32f446xx.o
 .ARM.attributes
                0x00000487       0x34 /nix/store/72mh9f9j9cnizh603jhabx160i7mispg-gcc-arm-embedded-12.3.rel1/bin/../lib/gcc/arm-none-eabi/12.3.1/../../../../arm-none-eabi/lib/thumb/v7e-m+fp/hard/libc_nano.a(libc_a-init.o)
 .ARM.attributes
                0x000004bb       0x34 /nix/store/72mh9f9j9cnizh603jhabx160i7mispg-gcc-arm-embedded-12.3.rel1/bin/../lib/gcc/arm-none-eabi/12.3.1/../../../../arm-none-eabi/lib/thumb/v7e-m+fp/hard/libc_nano.a(libc_a-memcpy-stub.o)
 .ARM.attributes
                0x000004ef       0x34 /nix/store/72mh9f9j9cnizh603jhabx160i7mispg-gcc-arm-embedded-12.3.rel1/bin/../lib/gcc/arm-none-eabi/12.3.1/../../../../arm-none-eabi/lib/thumb/v7e-m+fp/hard/libc_nano.a(libc_a-memset.o)
 .ARM.attributes
                0x00000523       0x22 /nix/store/72mh9f9j9cnizh603jhabx160i7mispg-gcc-arm-embedded-12.3.rel1/bin/../lib/gcc/arm-none-eabi/12.3.1/thumb/v7e-m+fp/hard/libgcc.a(_aeabi_uldivmod.o)
 .ARM.attributes
                0x00000545       0x34 /nix/store/72mh9f9j9cnizh603jhabx160i7mispg-gcc-arm-embedded-12.3.rel1/bin/../lib/gcc/arm-none-eabi/12.3.1/thumb/v7e-m+fp/hard/libgcc.a(_udivmoddi4.o)
 .ARM.attributes
                0x00000579       0x22 /nix/store/72mh9f9j9cnizh603jhabx160i7mispg-gcc-arm-embedded-12.3.rel1/bin/../lib/gcc/arm-none-eabi/12.3.1/thumb/v7e-m+fp/hard/libgcc.a(_dvmd_tls.o)
 .ARM.attributes
                0x0000059b       0x34 /nix/store/72mh9f9j9cnizh603jhabx160i7mispg-gcc-arm-embedded-12.3.rel1/bin/../lib/gcc/arm-none-eabi/12.3.1/thumb/v7e-m+fp/hard/crtend.o
 .ARM.attributes
                0x000005cf       0x22 /nix/store/72mh9f9j9cnizh603jhabx160i7mispg-gcc-arm-embedded-12.3.rel1/bin/../lib/gcc/arm-none-eabi/12.3.1/thumb/v7e-m+fp/hard/crtn.o

.comment        0x00000000       0x45
 .comment       0x00000000       0x45 build/main.o
                                 0x46 (size before relaxing)
 .comment       0x00000045       0x46 build/stm32f4xx_it.o
 .comment       0x00000045       0x46 build/stm32f4xx_hal_msp.o
 .comment       0x00000045       0x46 build/stm32f4xx_hal_timebase_tim.o
 .comment       0x00000045       0x46 build/stm32f4xx_hal_tim.o
 .comment       0x00000045       0x46 build/stm32f4xx_hal_tim_ex.o
 .comment       0x00000045       0x46 build/stm32f4xx_hal_rcc.o
 .comment       0x00000045       0x46 build/stm32f4xx_hal_rcc_ex.o
 .comment       0x00000045       0x46 build/stm32f4xx_hal_gpio.o
 .comment       0x00000045       0x46 build/stm32f4xx_hal_cortex.o
 .comment       0x00000045       0x46 build/stm32f4xx_hal.o
 .comment       0x00000045       0x46 build/stm32f4xx_hal_uart.o
 .comment       0x00000045       0x46 build/system_stm32f4xx.o
 .comment       0x00000045       0x46 build/list.o
 .comment       0x00000045       0x46 build/queue.o
 .comment       0x00000045       0x46 build/tasks.o
 .comment       0x00000045       0x46 build/timers.o
 .comment       0x00000045       0x46 build/cmsis_os2.o
 .comment       0x00000045       0x46 build/heap_4.o
 .comment       0x00000045       0x46 build/port.o

.debug_info     0x00000000    0x1ff03
 .debug_info    0x00000000     0x1687 build/main.o
 .debug_info    0x00001687      0x7b1 build/stm32f4xx_it.o
 .debug_info    0x00001e38      0xd85 build/stm32f4xx_hal_msp.o
 .debug_info    0x00002bbd      0xe46 build/stm32f4xx_hal_timebase_tim.o
 .debug_info    0x00003a03     0x412d build/stm32f4xx_hal_tim.o
 .debug_info    0x00007b30     0x1d81 build/stm32f4xx_hal_tim_ex.o
 .debug_info    0x000098b1      0xc73 build/stm32f4xx_hal_rcc.o
 .debug_info    0x0000a524      0xddc build/stm32f4xx_hal_rcc_ex.o
 .debug_info    0x0000b300      0x8ac build/stm32f4xx_hal_gpio.o
 .debug_info    0x0000bbac     0x11c4 build/stm32f4xx_hal_cortex.o
 .debug_info    0x0000cd70      0xb5c build/stm32f4xx_hal.o
 .debug_info    0x0000d8cc     0x4384 build/stm32f4xx_hal_uart.o
 .debug_info    0x00011c50      0x5f7 build/system_stm32f4xx.o
 .debug_info    0x00012247      0x30f build/list.o
 .debug_info    0x00012556     0x2a15 build/queue.o
 .debug_info    0x00014f6b     0x3396 build/tasks.o
 .debug_info    0x00018301     0x1d07 build/timers.o
 .debug_info    0x0001a008     0x52fd build/cmsis_os2.o
 .debug_info    0x0001f305      0x60c build/heap_4.o
 .debug_info    0x0001f911      0x5c2 build/port.o
 .debug_info    0x0001fed3       0x30 build/startup_stm32f446xx.o

.debug_abbrev   0x00000000     0x380d
 .debug_abbrev  0x00000000      0x2de build/main.o
 .debug_abbrev  0x000002de      0x17d build/stm32f4xx_it.o
 .debug_abbrev  0x0000045b      0x1c9 build/stm32f4xx_hal_msp.o
 .debug_abbrev  0x00000624      0x22d build/stm32f4xx_hal_timebase_tim.o
 .debug_abbrev  0x00000851      0x2bd build/stm32f4xx_hal_tim.o
 .debug_abbrev  0x00000b0e      0x2b7 build/stm32f4xx_hal_tim_ex.o
 .debug_abbrev  0x00000dc5      0x2de build/stm32f4xx_hal_rcc.o
 .debug_abbrev  0x000010a3      0x266 build/stm32f4xx_hal_rcc_ex.o
 .debug_abbrev  0x00001309      0x22b build/stm32f4xx_hal_gpio.o
 .debug_abbrev  0x00001534      0x3ca build/stm32f4xx_hal_cortex.o
 .debug_abbrev  0x000018fe      0x244 build/stm32f4xx_hal.o
 .debug_abbrev  0x00001b42      0x366 build/stm32f4xx_hal_uart.o
 .debug_abbrev  0x00001ea8      0x11b build/system_stm32f4xx.o
 .debug_abbrev  0x00001fc3      0x124 build/list.o
 .debug_abbrev  0x000020e7      0x431 build/queue.o
 .debug_abbrev  0x00002518      0x400 build/tasks.o
 .debug_abbrev  0x00002918      0x3d4 build/timers.o
 .debug_abbrev  0x00002cec      0x5db build/cmsis_os2.o
 .debug_abbrev  0x000032c7      0x27a build/heap_4.o
 .debug_abbrev  0x00003541      0x2af build/port.o
 .debug_abbrev  0x000037f0       0x1d build/startup_stm32f446xx.o

.debug_loc      0x00000000    0x1bc25
 .debug_loc     0x00000000      0x165 build/main.o
 .debug_loc     0x00000165       0x20 build/stm32f4xx_it.o
 .debug_loc     0x00000185      0x120 build/stm32f4xx_hal_msp.o
 .debug_loc     0x000002a5      0x136 build/stm32f4xx_hal_timebase_tim.o
 .debug_loc     0x000003db     0x5c2d build/stm32f4xx_hal_tim.o
 .debug_loc     0x00006008     0x2168 build/stm32f4xx_hal_tim_ex.o
 .debug_loc     0x00008170      0x6e4 build/stm32f4xx_hal_rcc.o
 .debug_loc     0x00008854     0x100b build/stm32f4xx_hal_rcc_ex.o
 .debug_loc     0x0000985f      0x5db build/stm32f4xx_hal_gpio.o
 .debug_loc     0x00009e3a      0x7c7 build/stm32f4xx_hal_cortex.o
 .debug_loc     0x0000a601      0x1e1 build/stm32f4xx_hal.o
 .debug_loc     0x0000a7e2     0x4d8a build/stm32f4xx_hal_uart.o
 .debug_loc     0x0000f56c       0xbe build/system_stm32f4xx.o
 .debug_loc     0x0000f62a       0xe5 build/list.o
 .debug_loc     0x0000f70f     0x1f67 build/queue.o
 .debug_loc     0x00011676     0x2a51 build/tasks.o
 .debug_loc     0x000140c7     0x1596 build/timers.o
 .debug_loc     0x0001565d     0x5ef8 build/cmsis_os2.o
 .debug_loc     0x0001b555      0x510 build/heap_4.o
 .debug_loc     0x0001ba65      0x1c0 build/port.o

.debug_aranges  0x00000000     0x13d8
 .debug_aranges
                0x00000000       0x50 build/main.o
 .debug_aranges
                0x00000050       0x50 build/stm32f4xx_it.o
 .debug_aranges
                0x000000a0       0x30 build/stm32f4xx_hal_msp.o
 .debug_aranges
                0x000000d0       0x30 build/stm32f4xx_hal_timebase_tim.o
 .debug_aranges
                0x00000100      0x3d0 build/stm32f4xx_hal_tim.o
 .debug_aranges
                0x000004d0      0x168 build/stm32f4xx_hal_tim_ex.o
 .debug_aranges
                0x00000638       0x88 build/stm32f4xx_hal_rcc.o
 .debug_aranges
                0x000006c0       0x78 build/stm32f4xx_hal_rcc_ex.o
 .debug_aranges
                0x00000738       0x58 build/stm32f4xx_hal_gpio.o
 .debug_aranges
                0x00000790       0xf8 build/stm32f4xx_hal_cortex.o
 .debug_aranges
                0x00000888       0xf0 build/stm32f4xx_hal.o
 .debug_aranges
                0x00000978      0x208 build/stm32f4xx_hal_uart.o
 .debug_aranges
                0x00000b80       0x28 build/system_stm32f4xx.o
 .debug_aranges
                0x00000ba8       0x40 build/list.o
 .debug_aranges
                0x00000be8      0x158 build/queue.o
 .debug_aranges
                0x00000d40      0x208 build/tasks.o
 .debug_aranges
                0x00000f48       0xf0 build/timers.o
 .debug_aranges
                0x00001038      0x2a0 build/cmsis_os2.o
 .debug_aranges
                0x000012d8       0x58 build/heap_4.o
 .debug_aranges
                0x00001330       0x80 build/port.o
 .debug_aranges
                0x000013b0       0x28 build/startup_stm32f446xx.o

.debug_ranges   0x00000000     0x14e8
 .debug_ranges  0x00000000       0x40 build/main.o
 .debug_ranges  0x00000040       0x40 build/stm32f4xx_it.o
 .debug_ranges  0x00000080       0x20 build/stm32f4xx_hal_msp.o
 .debug_ranges  0x000000a0       0x20 build/stm32f4xx_hal_timebase_tim.o
 .debug_ranges  0x000000c0      0x3c0 build/stm32f4xx_hal_tim.o
 .debug_ranges  0x00000480      0x158 build/stm32f4xx_hal_tim_ex.o
 .debug_ranges  0x000005d8       0x90 build/stm32f4xx_hal_rcc.o
 .debug_ranges  0x00000668       0x80 build/stm32f4xx_hal_rcc_ex.o
 .debug_ranges  0x000006e8       0x48 build/stm32f4xx_hal_gpio.o
 .debug_ranges  0x00000730       0xe8 build/stm32f4xx_hal_cortex.o
 .debug_ranges  0x00000818       0xe0 build/stm32f4xx_hal.o
 .debug_ranges  0x000008f8      0x1f8 build/stm32f4xx_hal_uart.o
 .debug_ranges  0x00000af0       0x18 build/system_stm32f4xx.o
 .debug_ranges  0x00000b08       0x30 build/list.o
 .debug_ranges  0x00000b38      0x218 build/queue.o
 .debug_ranges  0x00000d50      0x338 build/tasks.o
 .debug_ranges  0x00001088       0xe0 build/timers.o
 .debug_ranges  0x00001168      0x290 build/cmsis_os2.o
 .debug_ranges  0x000013f8       0x48 build/heap_4.o
 .debug_ranges  0x00001440       0x88 build/port.o
 .debug_ranges  0x000014c8       0x20 build/startup_stm32f446xx.o

.debug_line     0x00000000    0x1879d
 .debug_line    0x00000000      0x510 build/main.o
 .debug_line    0x00000510      0x2a7 build/stm32f4xx_it.o
 .debug_line    0x000007b7      0x2b0 build/stm32f4xx_hal_msp.o
 .debug_line    0x00000a67      0x313 build/stm32f4xx_hal_timebase_tim.o
 .debug_line    0x00000d7a     0x4a96 build/stm32f4xx_hal_tim.o
 .debug_line    0x00005810     0x1d3e build/stm32f4xx_hal_tim_ex.o
 .debug_line    0x0000754e      0xb70 build/stm32f4xx_hal_rcc.o
 .debug_line    0x000080be     0x13c6 build/stm32f4xx_hal_rcc_ex.o
 .debug_line    0x00009484      0x6e0 build/stm32f4xx_hal_gpio.o
 .debug_line    0x00009b64      0x880 build/stm32f4xx_hal_cortex.o
 .debug_line    0x0000a3e4      0x593 build/stm32f4xx_hal.o
 .debug_line    0x0000a977     0x432b build/stm32f4xx_hal_uart.o
 .debug_line    0x0000eca2      0x27b build/system_stm32f4xx.o
 .debug_line    0x0000ef1d      0x381 build/list.o
 .debug_line    0x0000f29e     0x1fd8 build/queue.o
 .debug_line    0x00011276     0x2c7c build/tasks.o
 .debug_line    0x00013ef2      0xf03 build/timers.o
 .debug_line    0x00014df5     0x2ae6 build/cmsis_os2.o
 .debug_line    0x000178db      0x755 build/heap_4.o
 .debug_line    0x00018030      0x6f7 build/port.o
 .debug_line    0x00018727       0x76 build/startup_stm32f446xx.o

.debug_str      0x00000000     0x6f9d
 .debug_str     0x00000000     0x115f build/main.o
                               0x124f (size before relaxing)
 .debug_str     0x0000115f       0xaa build/stm32f4xx_it.o
                                0x73b (size before relaxing)
 .debug_str     0x00001209      0x597 build/stm32f4xx_hal_msp.o
                                0xd2e (size before relaxing)
 .debug_str     0x000017a0      0x111 build/stm32f4xx_hal_timebase_tim.o
                                0xeb3 (size before relaxing)
 .debug_str     0x000018b1      0xf26 build/stm32f4xx_hal_tim.o
                               0x16e0 (size before relaxing)
 .debug_str     0x000027d7      0x55b build/stm32f4xx_hal_tim_ex.o
                                0xeec (size before relaxing)
 .debug_str     0x00002d32      0x1e1 build/stm32f4xx_hal_rcc.o
                                0x711 (size before relaxing)
 .debug_str     0x00002f13      0x344 build/stm32f4xx_hal_rcc_ex.o
                                0x7f8 (size before relaxing)
 .debug_str     0x00003257      0x104 build/stm32f4xx_hal_gpio.o
                                0x4e6 (size before relaxing)
 .debug_str     0x0000335b      0x514 build/stm32f4xx_hal_cortex.o
                                0xc97 (size before relaxing)
 .debug_str     0x0000386f      0x273 build/stm32f4xx_hal.o
                                0xbab (size before relaxing)
 .debug_str     0x00003ae2      0x633 build/stm32f4xx_hal_uart.o
                                0xd7c (size before relaxing)
 .debug_str     0x00004115       0x47 build/system_stm32f4xx.o
                                0x37b (size before relaxing)
 .debug_str     0x0000415c      0x14d build/list.o
                                0x2e3 (size before relaxing)
 .debug_str     0x000042a9      0xa22 build/queue.o
                                0xcf9 (size before relaxing)
 .debug_str     0x00004ccb      0xc95 build/tasks.o
                               0x12c8 (size before relaxing)
 .debug_str     0x00005960      0x5d8 build/timers.o
                                0xc29 (size before relaxing)
 .debug_str     0x00005f38      0xbf7 build/cmsis_os2.o
                               0x21e5 (size before relaxing)
 .debug_str     0x00006b2f      0x2bf build/heap_4.o
                                0x4fc (size before relaxing)
 .debug_str     0x00006dee      0x17d build/port.o
                                0x463 (size before relaxing)
 .debug_str     0x00006f6b       0x32 build/startup_stm32f446xx.o
                                 0x63 (size before relaxing)

.debug_frame    0x00000000     0x38d4
 .debug_frame   0x00000000       0xc0 build/main.o
 .debug_frame   0x000000c0       0x88 build/stm32f4xx_it.o
 .debug_frame   0x00000148       0x64 build/stm32f4xx_hal_msp.o
 .debug_frame   0x000001ac       0x54 build/stm32f4xx_hal_timebase_tim.o
 .debug_frame   0x00000200      0xb10 build/stm32f4xx_hal_tim.o
 .debug_frame   0x00000d10      0x40c build/stm32f4xx_hal_tim_ex.o
 .debug_frame   0x0000111c      0x16c build/stm32f4xx_hal_rcc.o
 .debug_frame   0x00001288      0x14c build/stm32f4xx_hal_rcc_ex.o
 .debug_frame   0x000013d4       0xd8 build/stm32f4xx_hal_gpio.o
 .debug_frame   0x000014ac      0x214 build/stm32f4xx_hal_cortex.o
 .debug_frame   0x000016c0      0x1ec build/stm32f4xx_hal.o
 .debug_frame   0x000018ac      0x5e0 build/stm32f4xx_hal_uart.o
 .debug_frame   0x00001e8c       0x30 build/system_stm32f4xx.o
 .debug_frame   0x00001ebc       0x70 build/list.o
 .debug_frame   0x00001f2c      0x458 build/queue.o
 .debug_frame   0x00002384      0x684 build/tasks.o
 .debug_frame   0x00002a08      0x30c build/timers.o
 .debug_frame   0x00002d14      0x90c build/cmsis_os2.o
 .debug_frame   0x00003620       0xd0 build/heap_4.o
 .debug_frame   0x000036f0      0x110 build/port.o
 .debug_frame   0x00003800       0x2c /nix/store/72mh9f9j9cnizh603jhabx160i7mispg-gcc-arm-embedded-12.3.rel1/bin/../lib/gcc/arm-none-eabi/12.3.1/../../../../arm-none-eabi/lib/thumb/v7e-m+fp/hard/libc_nano.a(libc_a-init.o)
 .debug_frame   0x0000382c       0x28 /nix/store/72mh9f9j9cnizh603jhabx160i7mispg-gcc-arm-embedded-12.3.rel1/bin/../lib/gcc/arm-none-eabi/12.3.1/../../../../arm-none-eabi/lib/thumb/v7e-m+fp/hard/libc_nano.a(libc_a-memcpy-stub.o)
 .debug_frame   0x00003854       0x20 /nix/store/72mh9f9j9cnizh603jhabx160i7mispg-gcc-arm-embedded-12.3.rel1/bin/../lib/gcc/arm-none-eabi/12.3.1/../../../../arm-none-eabi/lib/thumb/v7e-m+fp/hard/libc_nano.a(libc_a-memset.o)
 .debug_frame   0x00003874       0x2c /nix/store/72mh9f9j9cnizh603jhabx160i7mispg-gcc-arm-embedded-12.3.rel1/bin/../lib/gcc/arm-none-eabi/12.3.1/thumb/v7e-m+fp/hard/libgcc.a(_aeabi_uldivmod.o)
 .debug_frame   0x000038a0       0x34 /nix/store/72mh9f9j9cnizh603jhabx160i7mispg-gcc-arm-embedded-12.3.rel1/bin/../lib/gcc/arm-none-eabi/12.3.1/thumb/v7e-m+fp/hard/libgcc.a(_udivmoddi4.o)

.debug_line_str
                0x00000000       0xce
 .debug_line_str
                0x00000000       0xc2 /nix/store/72mh9f9j9cnizh603jhabx160i7mispg-gcc-arm-embedded-12.3.rel1/bin/../lib/gcc/arm-none-eabi/12.3.1/thumb/v7e-m+fp/hard/libgcc.a(_aeabi_uldivmod.o)
 .debug_line_str
                0x000000c2        0xc /nix/store/72mh9f9j9cnizh603jhabx160i7mispg-gcc-arm-embedded-12.3.rel1/bin/../lib/gcc/arm-none-eabi/12.3.1/thumb/v7e-m+fp/hard/libgcc.a(_dvmd_tls.o)
                                 0xc6 (size before relaxing)

Cross Reference Table

Symbol                                            File
ADC_IRQHandler                                    build/startup_stm32f446xx.o
AHBPrescTable                                     build/system_stm32f4xx.o
                                                  build/stm32f4xx_hal_rcc.o
APBPrescTable                                     build/system_stm32f4xx.o
                                                  build/stm32f4xx_hal_rcc.o
BusFault_Handler                                  build/stm32f4xx_it.o
CAN1_RX0_IRQHandler                               build/startup_stm32f446xx.o
CAN1_RX1_IRQHandler                               build/startup_stm32f446xx.o
CAN1_SCE_IRQHandler                               build/startup_stm32f446xx.o
CAN1_TX_IRQHandler                                build/startup_stm32f446xx.o
CAN2_RX0_IRQHandler                               build/startup_stm32f446xx.o
CAN2_RX1_IRQHandler                               build/startup_stm32f446xx.o
CAN2_SCE_IRQHandler                               build/startup_stm32f446xx.o
CAN2_TX_IRQHandler                                build/startup_stm32f446xx.o
CEC_IRQHandler                                    build/startup_stm32f446xx.o
DCMI_IRQHandler                                   build/startup_stm32f446xx.o
DMA1_Stream0_IRQHandler                           build/startup_stm32f446xx.o
DMA1_Stream1_IRQHandler                           build/startup_stm32f446xx.o
DMA1_Stream2_IRQHandler                           build/startup_stm32f446xx.o
DMA1_Stream3_IRQHandler                           build/startup_stm32f446xx.o
DMA1_Stream4_IRQHandler                           build/startup_stm32f446xx.o
DMA1_Stream5_IRQHandler                           build/startup_stm32f446xx.o
DMA1_Stream6_IRQHandler                           build/startup_stm32f446xx.o
DMA1_Stream7_IRQHandler                           build/startup_stm32f446xx.o
DMA2_Stream0_IRQHandler                           build/startup_stm32f446xx.o
DMA2_Stream1_IRQHandler                           build/startup_stm32f446xx.o
DMA2_Stream2_IRQHandler                           build/startup_stm32f446xx.o
DMA2_Stream3_IRQHandler                           build/startup_stm32f446xx.o
DMA2_Stream4_IRQHandler                           build/startup_stm32f446xx.o
DMA2_Stream5_IRQHandler                           build/startup_stm32f446xx.o
DMA2_Stream6_IRQHandler                           build/startup_stm32f446xx.o
DMA2_Stream7_IRQHandler                           build/startup_stm32f446xx.o
DebugMon_Handler                                  build/stm32f4xx_it.o
Default_Handler                                   build/startup_stm32f446xx.o
EXTI0_IRQHandler                                  build/startup_stm32f446xx.o
EXTI15_10_IRQHandler                              build/startup_stm32f446xx.o
EXTI1_IRQHandler                                  build/startup_stm32f446xx.o
EXTI2_IRQHandler                                  build/startup_stm32f446xx.o
EXTI3_IRQHandler                                  build/startup_stm32f446xx.o
EXTI4_IRQHandler                                  build/startup_stm32f446xx.o
EXTI9_5_IRQHandler                                build/startup_stm32f446xx.o
Error_Handler                                     build/main.o
FLASH_Erase_Sector                                build/stm32f4xx_hal_flash_ex.o
                                                  build/stm32f4xx_hal_flash.o
FLASH_FlushCaches                                 build/stm32f4xx_hal_flash_ex.o
                                                  build/stm32f4xx_hal_flash.o
FLASH_IRQHandler                                  build/startup_stm32f446xx.o
FLASH_WaitForLastOperation                        build/stm32f4xx_hal_flash.o
                                                  build/stm32f4xx_hal_flash_ex.o
FMC_IRQHandler                                    build/startup_stm32f446xx.o
FMPI2C1_ER_IRQHandler                             build/startup_stm32f446xx.o
FMPI2C1_EV_IRQHandler                             build/startup_stm32f446xx.o
FPU_IRQHandler                                    build/startup_stm32f446xx.o
HAL_CORTEX_ClearEvent                             build/stm32f4xx_hal_cortex.o
HAL_DBGMCU_DisableDBGSleepMode                    build/stm32f4xx_hal.o
HAL_DBGMCU_DisableDBGStandbyMode                  build/stm32f4xx_hal.o
HAL_DBGMCU_DisableDBGStopMode                     build/stm32f4xx_hal.o
HAL_DBGMCU_EnableDBGSleepMode                     build/stm32f4xx_hal.o
HAL_DBGMCU_EnableDBGStandbyMode                   build/stm32f4xx_hal.o
HAL_DBGMCU_EnableDBGStopMode                      build/stm32f4xx_hal.o
HAL_DMAEx_ChangeMemory                            build/stm32f4xx_hal_dma_ex.o
HAL_DMAEx_MultiBufferStart                        build/stm32f4xx_hal_dma_ex.o
HAL_DMAEx_MultiBufferStart_IT                     build/stm32f4xx_hal_dma_ex.o
HAL_DMA_Abort                                     build/stm32f4xx_hal_dma.o
                                                  build/stm32f4xx_hal_uart.o
HAL_DMA_Abort_IT                                  build/stm32f4xx_hal_dma.o
                                                  build/stm32f4xx_hal_uart.o
                                                  build/stm32f4xx_hal_tim_ex.o
                                                  build/stm32f4xx_hal_tim.o
HAL_DMA_DeInit                                    build/stm32f4xx_hal_dma.o
HAL_DMA_GetError                                  build/stm32f4xx_hal_dma.o
                                                  build/stm32f4xx_hal_uart.o
HAL_DMA_GetState                                  build/stm32f4xx_hal_dma.o
HAL_DMA_IRQHandler                                build/stm32f4xx_hal_dma.o
HAL_DMA_Init                                      build/stm32f4xx_hal_dma.o
HAL_DMA_PollForTransfer                           build/stm32f4xx_hal_dma.o
HAL_DMA_RegisterCallback                          build/stm32f4xx_hal_dma.o
HAL_DMA_Start                                     build/stm32f4xx_hal_dma.o
HAL_DMA_Start_IT                                  build/stm32f4xx_hal_dma.o
                                                  build/stm32f4xx_hal_uart.o
                                                  build/stm32f4xx_hal_tim_ex.o
                                                  build/stm32f4xx_hal_tim.o
HAL_DMA_UnRegisterCallback                        build/stm32f4xx_hal_dma.o
HAL_DeInit                                        build/stm32f4xx_hal.o
HAL_Delay                                         build/stm32f4xx_hal.o
HAL_DisableCompensationCell                       build/stm32f4xx_hal.o
HAL_EXTI_ClearConfigLine                          build/stm32f4xx_hal_exti.o
HAL_EXTI_ClearPending                             build/stm32f4xx_hal_exti.o
HAL_EXTI_GenerateSWI                              build/stm32f4xx_hal_exti.o
HAL_EXTI_GetConfigLine                            build/stm32f4xx_hal_exti.o
HAL_EXTI_GetHandle                                build/stm32f4xx_hal_exti.o
HAL_EXTI_GetPending                               build/stm32f4xx_hal_exti.o
HAL_EXTI_IRQHandler                               build/stm32f4xx_hal_exti.o
HAL_EXTI_RegisterCallback                         build/stm32f4xx_hal_exti.o
HAL_EXTI_SetConfigLine                            build/stm32f4xx_hal_exti.o
HAL_EnableCompensationCell                        build/stm32f4xx_hal.o
HAL_FLASHEx_AdvOBGetConfig                        build/stm32f4xx_hal_flash_ex.o
HAL_FLASHEx_AdvOBProgram                          build/stm32f4xx_hal_flash_ex.o
HAL_FLASHEx_DisableFlashSleepMode                 build/stm32f4xx_hal_flash_ramfunc.o
HAL_FLASHEx_EnableFlashSleepMode                  build/stm32f4xx_hal_flash_ramfunc.o
HAL_FLASHEx_Erase                                 build/stm32f4xx_hal_flash_ex.o
HAL_FLASHEx_Erase_IT                              build/stm32f4xx_hal_flash_ex.o
HAL_FLASHEx_OBGetConfig                           build/stm32f4xx_hal_flash_ex.o
HAL_FLASHEx_OBProgram                             build/stm32f4xx_hal_flash_ex.o
HAL_FLASHEx_OB_DeSelectPCROP                      build/stm32f4xx_hal_flash_ex.o
HAL_FLASHEx_OB_SelectPCROP                        build/stm32f4xx_hal_flash_ex.o
HAL_FLASHEx_StartFlashInterfaceClk                build/stm32f4xx_hal_flash_ramfunc.o
HAL_FLASHEx_StopFlashInterfaceClk                 build/stm32f4xx_hal_flash_ramfunc.o
HAL_FLASH_EndOfOperationCallback                  build/stm32f4xx_hal_flash.o
HAL_FLASH_GetError                                build/stm32f4xx_hal_flash.o
HAL_FLASH_IRQHandler                              build/stm32f4xx_hal_flash.o
HAL_FLASH_Lock                                    build/stm32f4xx_hal_flash.o
HAL_FLASH_OB_Launch                               build/stm32f4xx_hal_flash.o
HAL_FLASH_OB_Lock                                 build/stm32f4xx_hal_flash.o
HAL_FLASH_OB_Unlock                               build/stm32f4xx_hal_flash.o
HAL_FLASH_OperationErrorCallback                  build/stm32f4xx_hal_flash.o
HAL_FLASH_Program                                 build/stm32f4xx_hal_flash.o
HAL_FLASH_Program_IT                              build/stm32f4xx_hal_flash.o
HAL_FLASH_Unlock                                  build/stm32f4xx_hal_flash.o
HAL_GPIO_DeInit                                   build/stm32f4xx_hal_gpio.o
                                                  build/stm32f4xx_hal_msp.o
HAL_GPIO_EXTI_Callback                            build/stm32f4xx_hal_gpio.o
HAL_GPIO_EXTI_IRQHandler                          build/stm32f4xx_hal_gpio.o
HAL_GPIO_Init                                     build/stm32f4xx_hal_gpio.o
                                                  build/stm32f4xx_hal_rcc.o
                                                  build/stm32f4xx_hal_msp.o
                                                  build/main.o
HAL_GPIO_LockPin                                  build/stm32f4xx_hal_gpio.o
HAL_GPIO_ReadPin                                  build/stm32f4xx_hal_gpio.o
HAL_GPIO_TogglePin                                build/stm32f4xx_hal_gpio.o
                                                  build/main.o
HAL_GPIO_WritePin                                 build/stm32f4xx_hal_gpio.o
                                                  build/main.o
HAL_GetDEVID                                      build/stm32f4xx_hal.o
HAL_GetHalVersion                                 build/stm32f4xx_hal.o
HAL_GetREVID                                      build/stm32f4xx_hal.o
HAL_GetTick                                       build/stm32f4xx_hal.o
                                                  build/stm32f4xx_hal_uart.o
                                                  build/stm32f4xx_hal_pwr_ex.o
                                                  build/stm32f4xx_hal_dma.o
                                                  build/stm32f4xx_hal_flash.o
                                                  build/stm32f4xx_hal_rcc_ex.o
                                                  build/stm32f4xx_hal_rcc.o
HAL_GetTickFreq                                   build/stm32f4xx_hal.o
HAL_GetTickPrio                                   build/stm32f4xx_hal.o
HAL_GetUIDw0                                      build/stm32f4xx_hal.o
HAL_GetUIDw1                                      build/stm32f4xx_hal.o
HAL_GetUIDw2                                      build/stm32f4xx_hal.o
HAL_HalfDuplex_EnableReceiver                     build/stm32f4xx_hal_uart.o
HAL_HalfDuplex_EnableTransmitter                  build/stm32f4xx_hal_uart.o
HAL_HalfDuplex_Init                               build/stm32f4xx_hal_uart.o
HAL_IncTick                                       build/stm32f4xx_hal.o
                                                  build/main.o
HAL_Init                                          build/stm32f4xx_hal.o
                                                  build/main.o
HAL_InitTick                                      build/stm32f4xx_hal_timebase_tim.o
                                                  build/stm32f4xx_hal_rcc_ex.o
                                                  build/stm32f4xx_hal_rcc.o
HAL_LIN_Init                                      build/stm32f4xx_hal_uart.o
HAL_LIN_SendBreak                                 build/stm32f4xx_hal_uart.o
HAL_MPU_ConfigRegion                              build/stm32f4xx_hal_cortex.o
HAL_MPU_Disable                                   build/stm32f4xx_hal_cortex.o
HAL_MPU_DisableRegion                             build/stm32f4xx_hal_cortex.o
HAL_MPU_Enable                                    build/stm32f4xx_hal_cortex.o
HAL_MPU_EnableRegion                              build/stm32f4xx_hal_cortex.o
HAL_MspDeInit                                     build/stm32f4xx_hal.o
HAL_MspInit                                       build/stm32f4xx_hal_msp.o
HAL_MultiProcessor_EnterMuteMode                  build/stm32f4xx_hal_uart.o
HAL_MultiProcessor_ExitMuteMode                   build/stm32f4xx_hal_uart.o
HAL_MultiProcessor_Init                           build/stm32f4xx_hal_uart.o
HAL_NVIC_ClearPendingIRQ                          build/stm32f4xx_hal_cortex.o
HAL_NVIC_DisableIRQ                               build/stm32f4xx_hal_cortex.o
HAL_NVIC_EnableIRQ                                build/stm32f4xx_hal_cortex.o
                                                  build/stm32f4xx_hal_timebase_tim.o
HAL_NVIC_GetActive                                build/stm32f4xx_hal_cortex.o
HAL_NVIC_GetPendingIRQ                            build/stm32f4xx_hal_cortex.o
HAL_NVIC_GetPriority                              build/stm32f4xx_hal_cortex.o
HAL_NVIC_GetPriorityGrouping                      build/stm32f4xx_hal_cortex.o
HAL_NVIC_SetPendingIRQ                            build/stm32f4xx_hal_cortex.o
HAL_NVIC_SetPriority                              build/stm32f4xx_hal_cortex.o
                                                  build/stm32f4xx_hal.o
                                                  build/stm32f4xx_hal_timebase_tim.o
                                                  build/stm32f4xx_hal_msp.o
HAL_NVIC_SetPriorityGrouping                      build/stm32f4xx_hal_cortex.o
                                                  build/stm32f4xx_hal.o
HAL_NVIC_SystemReset                              build/stm32f4xx_hal_cortex.o
HAL_PWREx_ControlVoltageScaling                   build/stm32f4xx_hal_pwr_ex.o
HAL_PWREx_DisableBkUpReg                          build/stm32f4xx_hal_pwr_ex.o
HAL_PWREx_DisableFlashPowerDown                   build/stm32f4xx_hal_pwr_ex.o
HAL_PWREx_DisableOverDrive                        build/stm32f4xx_hal_pwr_ex.o
HAL_PWREx_EnableBkUpReg                           build/stm32f4xx_hal_pwr_ex.o
HAL_PWREx_EnableFlashPowerDown                    build/stm32f4xx_hal_pwr_ex.o
HAL_PWREx_EnableOverDrive                         build/stm32f4xx_hal_pwr_ex.o
HAL_PWREx_EnterUnderDriveSTOPMode                 build/stm32f4xx_hal_pwr_ex.o
HAL_PWREx_GetVoltageRange                         build/stm32f4xx_hal_pwr_ex.o
HAL_PWR_ConfigPVD                                 build/stm32f4xx_hal_pwr.o
HAL_PWR_DeInit                                    build/stm32f4xx_hal_pwr.o
HAL_PWR_DisableBkUpAccess                         build/stm32f4xx_hal_pwr.o
HAL_PWR_DisablePVD                                build/stm32f4xx_hal_pwr.o
HAL_PWR_DisableSEVOnPend                          build/stm32f4xx_hal_pwr.o
HAL_PWR_DisableSleepOnExit                        build/stm32f4xx_hal_pwr.o
HAL_PWR_DisableWakeUpPin                          build/stm32f4xx_hal_pwr.o
HAL_PWR_EnableBkUpAccess                          build/stm32f4xx_hal_pwr.o
HAL_PWR_EnablePVD                                 build/stm32f4xx_hal_pwr.o
HAL_PWR_EnableSEVOnPend                           build/stm32f4xx_hal_pwr.o
HAL_PWR_EnableSleepOnExit                         build/stm32f4xx_hal_pwr.o
HAL_PWR_EnableWakeUpPin                           build/stm32f4xx_hal_pwr.o
HAL_PWR_EnterSLEEPMode                            build/stm32f4xx_hal_pwr.o
HAL_PWR_EnterSTANDBYMode                          build/stm32f4xx_hal_pwr.o
HAL_PWR_EnterSTOPMode                             build/stm32f4xx_hal_pwr.o
HAL_PWR_PVDCallback                               build/stm32f4xx_hal_pwr.o
HAL_PWR_PVD_IRQHandler                            build/stm32f4xx_hal_pwr.o
HAL_RCCEx_DisablePLLI2S                           build/stm32f4xx_hal_rcc_ex.o
HAL_RCCEx_DisablePLLSAI                           build/stm32f4xx_hal_rcc_ex.o
HAL_RCCEx_EnablePLLI2S                            build/stm32f4xx_hal_rcc_ex.o
HAL_RCCEx_EnablePLLSAI                            build/stm32f4xx_hal_rcc_ex.o
HAL_RCCEx_GetPeriphCLKConfig                      build/stm32f4xx_hal_rcc_ex.o
HAL_RCCEx_GetPeriphCLKFreq                        build/stm32f4xx_hal_rcc_ex.o
HAL_RCCEx_PeriphCLKConfig                         build/stm32f4xx_hal_rcc_ex.o
HAL_RCCEx_SelectLSEMode                           build/stm32f4xx_hal_rcc_ex.o
HAL_RCC_CSSCallback                               build/stm32f4xx_hal_rcc.o
HAL_RCC_ClockConfig                               build/stm32f4xx_hal_rcc.o
                                                  build/main.o
HAL_RCC_DeInit                                    build/stm32f4xx_hal_rcc_ex.o
                                                  build/stm32f4xx_hal_rcc.o
HAL_RCC_DisableCSS                                build/stm32f4xx_hal_rcc.o
HAL_RCC_EnableCSS                                 build/stm32f4xx_hal_rcc.o
HAL_RCC_GetClockConfig                            build/stm32f4xx_hal_rcc.o
                                                  build/stm32f4xx_hal_timebase_tim.o
HAL_RCC_GetHCLKFreq                               build/stm32f4xx_hal_rcc.o
HAL_RCC_GetOscConfig                              build/stm32f4xx_hal_rcc_ex.o
                                                  build/stm32f4xx_hal_rcc.o
HAL_RCC_GetPCLK1Freq                              build/stm32f4xx_hal_rcc.o
                                                  build/stm32f4xx_hal_uart.o
                                                  build/stm32f4xx_hal_timebase_tim.o
HAL_RCC_GetPCLK2Freq                              build/stm32f4xx_hal_rcc.o
                                                  build/stm32f4xx_hal_uart.o
HAL_RCC_GetSysClockFreq                           build/stm32f4xx_hal_rcc_ex.o
                                                  build/stm32f4xx_hal_rcc.o
HAL_RCC_MCOConfig                                 build/stm32f4xx_hal_rcc.o
HAL_RCC_NMI_IRQHandler                            build/stm32f4xx_hal_rcc.o
HAL_RCC_OscConfig                                 build/stm32f4xx_hal_rcc_ex.o
                                                  build/stm32f4xx_hal_rcc.o
                                                  build/main.o
HAL_ResumeTick                                    build/stm32f4xx_hal_timebase_tim.o
HAL_SYSTICK_CLKSourceConfig                       build/stm32f4xx_hal_cortex.o
HAL_SYSTICK_Callback                              build/stm32f4xx_hal_cortex.o
HAL_SYSTICK_Config                                build/stm32f4xx_hal_cortex.o
                                                  build/stm32f4xx_hal.o
HAL_SYSTICK_IRQHandler                            build/stm32f4xx_hal_cortex.o
HAL_SetTickFreq                                   build/stm32f4xx_hal.o
HAL_SuspendTick                                   build/stm32f4xx_hal_timebase_tim.o
HAL_TIMEx_BreakCallback                           build/stm32f4xx_hal_tim_ex.o
                                                  build/stm32f4xx_hal_tim.o
HAL_TIMEx_CommutCallback                          build/stm32f4xx_hal_tim_ex.o
                                                  build/stm32f4xx_hal_tim.o
HAL_TIMEx_CommutHalfCpltCallback                  build/stm32f4xx_hal_tim_ex.o
HAL_TIMEx_ConfigBreakDeadTime                     build/stm32f4xx_hal_tim_ex.o
HAL_TIMEx_ConfigCommutEvent                       build/stm32f4xx_hal_tim_ex.o
HAL_TIMEx_ConfigCommutEvent_DMA                   build/stm32f4xx_hal_tim_ex.o
HAL_TIMEx_ConfigCommutEvent_IT                    build/stm32f4xx_hal_tim_ex.o
HAL_TIMEx_GetChannelNState                        build/stm32f4xx_hal_tim_ex.o
HAL_TIMEx_HallSensor_DeInit                       build/stm32f4xx_hal_tim_ex.o
HAL_TIMEx_HallSensor_GetState                     build/stm32f4xx_hal_tim_ex.o
HAL_TIMEx_HallSensor_Init                         build/stm32f4xx_hal_tim_ex.o
HAL_TIMEx_HallSensor_MspDeInit                    build/stm32f4xx_hal_tim_ex.o
HAL_TIMEx_HallSensor_MspInit                      build/stm32f4xx_hal_tim_ex.o
HAL_TIMEx_HallSensor_Start                        build/stm32f4xx_hal_tim_ex.o
HAL_TIMEx_HallSensor_Start_DMA                    build/stm32f4xx_hal_tim_ex.o
HAL_TIMEx_HallSensor_Start_IT                     build/stm32f4xx_hal_tim_ex.o
HAL_TIMEx_HallSensor_Stop                         build/stm32f4xx_hal_tim_ex.o
HAL_TIMEx_HallSensor_Stop_DMA                     build/stm32f4xx_hal_tim_ex.o
HAL_TIMEx_HallSensor_Stop_IT                      build/stm32f4xx_hal_tim_ex.o
HAL_TIMEx_MasterConfigSynchronization             build/stm32f4xx_hal_tim_ex.o
HAL_TIMEx_OCN_Start                               build/stm32f4xx_hal_tim_ex.o
HAL_TIMEx_OCN_Start_DMA                           build/stm32f4xx_hal_tim_ex.o
HAL_TIMEx_OCN_Start_IT                            build/stm32f4xx_hal_tim_ex.o
HAL_TIMEx_OCN_Stop                                build/stm32f4xx_hal_tim_ex.o
HAL_TIMEx_OCN_Stop_DMA                            build/stm32f4xx_hal_tim_ex.o
HAL_TIMEx_OCN_Stop_IT                             build/stm32f4xx_hal_tim_ex.o
HAL_TIMEx_OnePulseN_Start                         build/stm32f4xx_hal_tim_ex.o
HAL_TIMEx_OnePulseN_Start_IT                      build/stm32f4xx_hal_tim_ex.o
HAL_TIMEx_OnePulseN_Stop                          build/stm32f4xx_hal_tim_ex.o
HAL_TIMEx_OnePulseN_Stop_IT                       build/stm32f4xx_hal_tim_ex.o
HAL_TIMEx_PWMN_Start                              build/stm32f4xx_hal_tim_ex.o
HAL_TIMEx_PWMN_Start_DMA                          build/stm32f4xx_hal_tim_ex.o
HAL_TIMEx_PWMN_Start_IT                           build/stm32f4xx_hal_tim_ex.o
HAL_TIMEx_PWMN_Stop                               build/stm32f4xx_hal_tim_ex.o
HAL_TIMEx_PWMN_Stop_DMA                           build/stm32f4xx_hal_tim_ex.o
HAL_TIMEx_PWMN_Stop_IT                            build/stm32f4xx_hal_tim_ex.o
HAL_TIMEx_RemapConfig                             build/stm32f4xx_hal_tim_ex.o
HAL_TIM_Base_DeInit                               build/stm32f4xx_hal_tim.o
HAL_TIM_Base_GetState                             build/stm32f4xx_hal_tim.o
HAL_TIM_Base_Init                                 build/stm32f4xx_hal_tim.o
                                                  build/stm32f4xx_hal_timebase_tim.o
HAL_TIM_Base_MspDeInit                            build/stm32f4xx_hal_tim.o
HAL_TIM_Base_MspInit                              build/stm32f4xx_hal_tim.o
HAL_TIM_Base_Start                                build/stm32f4xx_hal_tim.o
HAL_TIM_Base_Start_DMA                            build/stm32f4xx_hal_tim.o
HAL_TIM_Base_Start_IT                             build/stm32f4xx_hal_tim.o
                                                  build/stm32f4xx_hal_timebase_tim.o
HAL_TIM_Base_Stop                                 build/stm32f4xx_hal_tim.o
HAL_TIM_Base_Stop_DMA                             build/stm32f4xx_hal_tim.o
HAL_TIM_Base_Stop_IT                              build/stm32f4xx_hal_tim.o
HAL_TIM_ConfigClockSource                         build/stm32f4xx_hal_tim.o
HAL_TIM_ConfigOCrefClear                          build/stm32f4xx_hal_tim.o
HAL_TIM_ConfigTI1Input                            build/stm32f4xx_hal_tim.o
HAL_TIM_DMABurstState                             build/stm32f4xx_hal_tim.o
HAL_TIM_DMABurst_MultiReadStart                   build/stm32f4xx_hal_tim.o
HAL_TIM_DMABurst_MultiWriteStart                  build/stm32f4xx_hal_tim.o
HAL_TIM_DMABurst_ReadStart                        build/stm32f4xx_hal_tim.o
HAL_TIM_DMABurst_ReadStop                         build/stm32f4xx_hal_tim.o
HAL_TIM_DMABurst_WriteStart                       build/stm32f4xx_hal_tim.o
HAL_TIM_DMABurst_WriteStop                        build/stm32f4xx_hal_tim.o
HAL_TIM_Encoder_DeInit                            build/stm32f4xx_hal_tim.o
HAL_TIM_Encoder_GetState                          build/stm32f4xx_hal_tim.o
HAL_TIM_Encoder_Init                              build/stm32f4xx_hal_tim.o
HAL_TIM_Encoder_MspDeInit                         build/stm32f4xx_hal_tim.o
HAL_TIM_Encoder_MspInit                           build/stm32f4xx_hal_tim.o
HAL_TIM_Encoder_Start                             build/stm32f4xx_hal_tim.o
HAL_TIM_Encoder_Start_DMA                         build/stm32f4xx_hal_tim.o
HAL_TIM_Encoder_Start_IT                          build/stm32f4xx_hal_tim.o
HAL_TIM_Encoder_Stop                              build/stm32f4xx_hal_tim.o
HAL_TIM_Encoder_Stop_DMA                          build/stm32f4xx_hal_tim.o
HAL_TIM_Encoder_Stop_IT                           build/stm32f4xx_hal_tim.o
HAL_TIM_ErrorCallback                             build/stm32f4xx_hal_tim.o
                                                  build/stm32f4xx_hal_tim_ex.o
HAL_TIM_GenerateEvent                             build/stm32f4xx_hal_tim.o
HAL_TIM_GetActiveChannel                          build/stm32f4xx_hal_tim.o
HAL_TIM_GetChannelState                           build/stm32f4xx_hal_tim.o
HAL_TIM_IC_CaptureCallback                        build/stm32f4xx_hal_tim.o
HAL_TIM_IC_CaptureHalfCpltCallback                build/stm32f4xx_hal_tim.o
HAL_TIM_IC_ConfigChannel                          build/stm32f4xx_hal_tim.o
HAL_TIM_IC_DeInit                                 build/stm32f4xx_hal_tim.o
HAL_TIM_IC_GetState                               build/stm32f4xx_hal_tim.o
HAL_TIM_IC_Init                                   build/stm32f4xx_hal_tim.o
HAL_TIM_IC_MspDeInit                              build/stm32f4xx_hal_tim.o
HAL_TIM_IC_MspInit                                build/stm32f4xx_hal_tim.o
HAL_TIM_IC_Start                                  build/stm32f4xx_hal_tim.o
HAL_TIM_IC_Start_DMA                              build/stm32f4xx_hal_tim.o
HAL_TIM_IC_Start_IT                               build/stm32f4xx_hal_tim.o
HAL_TIM_IC_Stop                                   build/stm32f4xx_hal_tim.o
HAL_TIM_IC_Stop_DMA                               build/stm32f4xx_hal_tim.o
HAL_TIM_IC_Stop_IT                                build/stm32f4xx_hal_tim.o
HAL_TIM_IRQHandler                                build/stm32f4xx_hal_tim.o
                                                  build/stm32f4xx_it.o
HAL_TIM_OC_ConfigChannel                          build/stm32f4xx_hal_tim.o
HAL_TIM_OC_DeInit                                 build/stm32f4xx_hal_tim.o
HAL_TIM_OC_DelayElapsedCallback                   build/stm32f4xx_hal_tim.o
HAL_TIM_OC_GetState                               build/stm32f4xx_hal_tim.o
HAL_TIM_OC_Init                                   build/stm32f4xx_hal_tim.o
HAL_TIM_OC_MspDeInit                              build/stm32f4xx_hal_tim.o
HAL_TIM_OC_MspInit                                build/stm32f4xx_hal_tim.o
HAL_TIM_OC_Start                                  build/stm32f4xx_hal_tim.o
HAL_TIM_OC_Start_DMA                              build/stm32f4xx_hal_tim.o
HAL_TIM_OC_Start_IT                               build/stm32f4xx_hal_tim.o
HAL_TIM_OC_Stop                                   build/stm32f4xx_hal_tim.o
HAL_TIM_OC_Stop_DMA                               build/stm32f4xx_hal_tim.o
HAL_TIM_OC_Stop_IT                                build/stm32f4xx_hal_tim.o
HAL_TIM_OnePulse_ConfigChannel                    build/stm32f4xx_hal_tim.o
HAL_TIM_OnePulse_DeInit                           build/stm32f4xx_hal_tim.o
HAL_TIM_OnePulse_GetState                         build/stm32f4xx_hal_tim.o
HAL_TIM_OnePulse_Init                             build/stm32f4xx_hal_tim.o
HAL_TIM_OnePulse_MspDeInit                        build/stm32f4xx_hal_tim.o
HAL_TIM_OnePulse_MspInit                          build/stm32f4xx_hal_tim.o
HAL_TIM_OnePulse_Start                            build/stm32f4xx_hal_tim.o
HAL_TIM_OnePulse_Start_IT                         build/stm32f4xx_hal_tim.o
HAL_TIM_OnePulse_Stop                             build/stm32f4xx_hal_tim.o
HAL_TIM_OnePulse_Stop_IT                          build/stm32f4xx_hal_tim.o
HAL_TIM_PWM_ConfigChannel                         build/stm32f4xx_hal_tim.o
HAL_TIM_PWM_DeInit                                build/stm32f4xx_hal_tim.o
HAL_TIM_PWM_GetState                              build/stm32f4xx_hal_tim.o
HAL_TIM_PWM_Init                                  build/stm32f4xx_hal_tim.o
HAL_TIM_PWM_MspDeInit                             build/stm32f4xx_hal_tim.o
HAL_TIM_PWM_MspInit                               build/stm32f4xx_hal_tim.o
HAL_TIM_PWM_PulseFinishedCallback                 build/stm32f4xx_hal_tim.o
                                                  build/stm32f4xx_hal_tim_ex.o
HAL_TIM_PWM_PulseFinishedHalfCpltCallback         build/stm32f4xx_hal_tim.o
HAL_TIM_PWM_Start                                 build/stm32f4xx_hal_tim.o
HAL_TIM_PWM_Start_DMA                             build/stm32f4xx_hal_tim.o
HAL_TIM_PWM_Start_IT                              build/stm32f4xx_hal_tim.o
HAL_TIM_PWM_Stop                                  build/stm32f4xx_hal_tim.o
HAL_TIM_PWM_Stop_DMA                              build/stm32f4xx_hal_tim.o
HAL_TIM_PWM_Stop_IT                               build/stm32f4xx_hal_tim.o
HAL_TIM_PeriodElapsedCallback                     build/main.o
HAL_TIM_PeriodElapsedHalfCpltCallback             build/stm32f4xx_hal_tim.o
HAL_TIM_ReadCapturedValue                         build/stm32f4xx_hal_tim.o
HAL_TIM_SlaveConfigSynchro                        build/stm32f4xx_hal_tim.o
HAL_TIM_SlaveConfigSynchro_IT                     build/stm32f4xx_hal_tim.o
HAL_TIM_TriggerCallback                           build/stm32f4xx_hal_tim.o
HAL_TIM_TriggerHalfCpltCallback                   build/stm32f4xx_hal_tim.o
HAL_UARTEx_GetRxEventType                         build/stm32f4xx_hal_uart.o
HAL_UARTEx_ReceiveToIdle                          build/stm32f4xx_hal_uart.o
HAL_UARTEx_ReceiveToIdle_DMA                      build/stm32f4xx_hal_uart.o
HAL_UARTEx_ReceiveToIdle_IT                       build/stm32f4xx_hal_uart.o
HAL_UARTEx_RxEventCallback                        build/stm32f4xx_hal_uart.o
HAL_UART_Abort                                    build/stm32f4xx_hal_uart.o
HAL_UART_AbortCpltCallback                        build/stm32f4xx_hal_uart.o
HAL_UART_AbortReceive                             build/stm32f4xx_hal_uart.o
HAL_UART_AbortReceiveCpltCallback                 build/stm32f4xx_hal_uart.o
HAL_UART_AbortReceive_IT                          build/stm32f4xx_hal_uart.o
HAL_UART_AbortTransmit                            build/stm32f4xx_hal_uart.o
HAL_UART_AbortTransmitCpltCallback                build/stm32f4xx_hal_uart.o
HAL_UART_AbortTransmit_IT                         build/stm32f4xx_hal_uart.o
HAL_UART_Abort_IT                                 build/stm32f4xx_hal_uart.o
HAL_UART_DMAPause                                 build/stm32f4xx_hal_uart.o
HAL_UART_DMAResume                                build/stm32f4xx_hal_uart.o
HAL_UART_DMAStop                                  build/stm32f4xx_hal_uart.o
HAL_UART_DeInit                                   build/stm32f4xx_hal_uart.o
HAL_UART_ErrorCallback                            build/stm32f4xx_hal_uart.o
HAL_UART_GetError                                 build/stm32f4xx_hal_uart.o
HAL_UART_GetState                                 build/stm32f4xx_hal_uart.o
HAL_UART_IRQHandler                               build/stm32f4xx_hal_uart.o
HAL_UART_Init                                     build/stm32f4xx_hal_uart.o
                                                  build/main.o
HAL_UART_MspDeInit                                build/stm32f4xx_hal_msp.o
HAL_UART_MspInit                                  build/stm32f4xx_hal_msp.o
HAL_UART_Receive                                  build/stm32f4xx_hal_uart.o
HAL_UART_Receive_DMA                              build/stm32f4xx_hal_uart.o
HAL_UART_Receive_IT                               build/stm32f4xx_hal_uart.o
HAL_UART_RxCpltCallback                           build/stm32f4xx_hal_uart.o
HAL_UART_RxHalfCpltCallback                       build/stm32f4xx_hal_uart.o
HAL_UART_Transmit                                 build/stm32f4xx_hal_uart.o
HAL_UART_Transmit_DMA                             build/stm32f4xx_hal_uart.o
HAL_UART_Transmit_IT                              build/stm32f4xx_hal_uart.o
HAL_UART_TxCpltCallback                           build/stm32f4xx_hal_uart.o
HAL_UART_TxHalfCpltCallback                       build/stm32f4xx_hal_uart.o
HardFault_Handler                                 build/stm32f4xx_it.o
I2C1_ER_IRQHandler                                build/startup_stm32f446xx.o
I2C1_EV_IRQHandler                                build/startup_stm32f446xx.o
I2C2_ER_IRQHandler                                build/startup_stm32f446xx.o
I2C2_EV_IRQHandler                                build/startup_stm32f446xx.o
I2C3_ER_IRQHandler                                build/startup_stm32f446xx.o
I2C3_EV_IRQHandler                                build/startup_stm32f446xx.o
MemManage_Handler                                 build/stm32f4xx_it.o
NMI_Handler                                       build/stm32f4xx_it.o
OTG_FS_IRQHandler                                 build/startup_stm32f446xx.o
OTG_FS_WKUP_IRQHandler                            build/startup_stm32f446xx.o
OTG_HS_EP1_IN_IRQHandler                          build/startup_stm32f446xx.o
OTG_HS_EP1_OUT_IRQHandler                         build/startup_stm32f446xx.o
OTG_HS_IRQHandler                                 build/startup_stm32f446xx.o
OTG_HS_WKUP_IRQHandler                            build/startup_stm32f446xx.o
PVD_IRQHandler                                    build/startup_stm32f446xx.o
PendSV_Handler                                    build/port.o
QUADSPI_IRQHandler                                build/startup_stm32f446xx.o
RCC_IRQHandler                                    build/startup_stm32f446xx.o
RTC_Alarm_IRQHandler                              build/startup_stm32f446xx.o
RTC_WKUP_IRQHandler                               build/startup_stm32f446xx.o
Reset_Handler                                     build/startup_stm32f446xx.o
SAI1_IRQHandler                                   build/startup_stm32f446xx.o
SAI2_IRQHandler                                   build/startup_stm32f446xx.o
SDIO_IRQHandler                                   build/startup_stm32f446xx.o
SPDIF_RX_IRQHandler                               build/startup_stm32f446xx.o
SPI1_IRQHandler                                   build/startup_stm32f446xx.o
SPI2_IRQHandler                                   build/startup_stm32f446xx.o
SPI3_IRQHandler                                   build/startup_stm32f446xx.o
SPI4_IRQHandler                                   build/startup_stm32f446xx.o
SVC_Handler                                       build/port.o
StartDefaultTask                                  build/main.o
SysTick_Handler                                   build/cmsis_os2.o
SystemClock_Config                                build/main.o
SystemCoreClock                                   build/system_stm32f4xx.o
                                                  build/port.o